/fssmall/home/h61084/codes/evaluating_tsfms/.venv/lib/python3.12/site-packages/gluonts/json.py:102: UserWarning: Using `json`-module for json-handling. Consider installing one of `orjson`, `ujson` to speed up serialization and deserialization.
  warnings.warn(
/fssmall/home/h61084/codes/evaluating_tsfms/.venv/lib/python3.12/site-packages/gluonts/time_feature/seasonality.py:47: FutureWarning: 'T' is deprecated and will be removed in a future version, please use 'min' instead.
  offset = pd.tseries.frequencies.to_offset(freq)
/fssmall/home/h61084/codes/evaluating_tsfms/.venv/lib/python3.12/site-packages/gluonts/json.py:102: UserWarning: Using `json`-module for json-handling. Consider installing one of `orjson`, `ujson` to speed up serialization and deserialization.
  warnings.warn(
/fssmall/home/h61084/codes/evaluating_tsfms/.venv/lib/python3.12/site-packages/gluonts/time_feature/seasonality.py:47: FutureWarning: 'T' is deprecated and will be removed in a future version, please use 'min' instead.
  offset = pd.tseries.frequencies.to_offset(freq)
/fssmall/home/h61084/codes/evaluating_tsfms/.venv/lib/python3.12/site-packages/gluonts/json.py:102: UserWarning: Using `json`-module for json-handling. Consider installing one of `orjson`, `ujson` to speed up serialization and deserialization.
  warnings.warn(
/fssmall/home/h61084/codes/evaluating_tsfms/.venv/lib/python3.12/site-packages/gluonts/time_feature/seasonality.py:47: FutureWarning: 'T' is deprecated and will be removed in a future version, please use 'min' instead.
  offset = pd.tseries.frequencies.to_offset(freq)
/fssmall/home/h61084/codes/evaluating_tsfms/.venv/lib/python3.12/site-packages/gluonts/json.py:102: UserWarning: Using `json`-module for json-handling. Consider installing one of `orjson`, `ujson` to speed up serialization and deserialization.
  warnings.warn(
/fssmall/home/h61084/codes/evaluating_tsfms/.venv/lib/python3.12/site-packages/gluonts/time_feature/seasonality.py:47: FutureWarning: 'T' is deprecated and will be removed in a future version, please use 'min' instead.
  offset = pd.tseries.frequencies.to_offset(freq)
/fssmall/home/h61084/codes/evaluating_tsfms/.venv/lib/python3.12/site-packages/gluonts/json.py:102: UserWarning: Using `json`-module for json-handling. Consider installing one of `orjson`, `ujson` to speed up serialization and deserialization.
  warnings.warn(
/fssmall/home/h61084/codes/evaluating_tsfms/.venv/lib/python3.12/site-packages/gluonts/time_feature/seasonality.py:47: FutureWarning: 'T' is deprecated and will be removed in a future version, please use 'min' instead.
  offset = pd.tseries.frequencies.to_offset(freq)
/fssmall/home/h61084/codes/evaluating_tsfms/.venv/lib/python3.12/site-packages/gluonts/json.py:102: UserWarning: Using `json`-module for json-handling. Consider installing one of `orjson`, `ujson` to speed up serialization and deserialization.
  warnings.warn(
/fssmall/home/h61084/codes/evaluating_tsfms/.venv/lib/python3.12/site-packages/gluonts/time_feature/seasonality.py:47: FutureWarning: 'H' is deprecated and will be removed in a future version, please use 'h' instead.
  offset = pd.tseries.frequencies.to_offset(freq)
/fssmall/home/h61084/codes/evaluating_tsfms/.venv/lib/python3.12/site-packages/gluonts/json.py:102: UserWarning: Using `json`-module for json-handling. Consider installing one of `orjson`, `ujson` to speed up serialization and deserialization.
  warnings.warn(
/fssmall/home/h61084/codes/evaluating_tsfms/.venv/lib/python3.12/site-packages/gluonts/time_feature/seasonality.py:47: FutureWarning: 'T' is deprecated and will be removed in a future version, please use 'min' instead.
  offset = pd.tseries.frequencies.to_offset(freq)
/fssmall/home/h61084/codes/evaluating_tsfms/.venv/lib/python3.12/site-packages/gluonts/json.py:102: UserWarning: Using `json`-module for json-handling. Consider installing one of `orjson`, `ujson` to speed up serialization and deserialization.
  warnings.warn(
/fssmall/home/h61084/codes/evaluating_tsfms/.venv/lib/python3.12/site-packages/gluonts/time_feature/seasonality.py:47: FutureWarning: 'T' is deprecated and will be removed in a future version, please use 'min' instead.
  offset = pd.tseries.frequencies.to_offset(freq)
/fssmall/home/h61084/codes/evaluating_tsfms/.venv/lib/python3.12/site-packages/gluonts/json.py:102: UserWarning: Using `json`-module for json-handling. Consider installing one of `orjson`, `ujson` to speed up serialization and deserialization.
  warnings.warn(
/fssmall/home/h61084/codes/evaluating_tsfms/.venv/lib/python3.12/site-packages/gluonts/time_feature/seasonality.py:47: FutureWarning: 'H' is deprecated and will be removed in a future version, please use 'h' instead.
  offset = pd.tseries.frequencies.to_offset(freq)
/fssmall/home/h61084/codes/evaluating_tsfms/.venv/lib/python3.12/site-packages/gluonts/json.py:102: UserWarning: Using `json`-module for json-handling. Consider installing one of `orjson`, `ujson` to speed up serialization and deserialization.
  warnings.warn(
/fssmall/home/h61084/codes/evaluating_tsfms/.venv/lib/python3.12/site-packages/gluonts/time_feature/seasonality.py:47: FutureWarning: 'T' is deprecated and will be removed in a future version, please use 'min' instead.
  offset = pd.tseries.frequencies.to_offset(freq)
/fssmall/home/h61084/codes/evaluating_tsfms/.venv/lib/python3.12/site-packages/gluonts/json.py:102: UserWarning: Using `json`-module for json-handling. Consider installing one of `orjson`, `ujson` to speed up serialization and deserialization.
  warnings.warn(
/fssmall/home/h61084/codes/evaluating_tsfms/.venv/lib/python3.12/site-packages/gluonts/time_feature/seasonality.py:47: FutureWarning: 'T' is deprecated and will be removed in a future version, please use 'min' instead.
  offset = pd.tseries.frequencies.to_offset(freq)
/fssmall/home/h61084/codes/evaluating_tsfms/.venv/lib/python3.12/site-packages/gluonts/json.py:102: UserWarning: Using `json`-module for json-handling. Consider installing one of `orjson`, `ujson` to speed up serialization and deserialization.
  warnings.warn(
/fssmall/home/h61084/codes/evaluating_tsfms/.venv/lib/python3.12/site-packages/gluonts/time_feature/seasonality.py:47: FutureWarning: 'T' is deprecated and will be removed in a future version, please use 'min' instead.
  offset = pd.tseries.frequencies.to_offset(freq)
/fssmall/home/h61084/codes/evaluating_tsfms/.venv/lib/python3.12/site-packages/gluonts/json.py:102: UserWarning: Using `json`-module for json-handling. Consider installing one of `orjson`, `ujson` to speed up serialization and deserialization.
  warnings.warn(
/fssmall/home/h61084/codes/evaluating_tsfms/.venv/lib/python3.12/site-packages/gluonts/time_feature/seasonality.py:47: FutureWarning: 'H' is deprecated and will be removed in a future version, please use 'h' instead.
  offset = pd.tseries.frequencies.to_offset(freq)
/fssmall/home/h61084/codes/evaluating_tsfms/.venv/lib/python3.12/site-packages/gluonts/json.py:102: UserWarning: Using `json`-module for json-handling. Consider installing one of `orjson`, `ujson` to speed up serialization and deserialization.
  warnings.warn(
/fssmall/home/h61084/codes/evaluating_tsfms/.venv/lib/python3.12/site-packages/gluonts/json.py:102: UserWarning: Using `json`-module for json-handling. Consider installing one of `orjson`, `ujson` to speed up serialization and deserialization.
  warnings.warn(
/fssmall/home/h61084/codes/evaluating_tsfms/.venv/lib/python3.12/site-packages/gluonts/time_feature/seasonality.py:47: FutureWarning: 'H' is deprecated and will be removed in a future version, please use 'h' instead.
  offset = pd.tseries.frequencies.to_offset(freq)
/fssmall/home/h61084/codes/evaluating_tsfms/.venv/lib/python3.12/site-packages/gluonts/json.py:102: UserWarning: Using `json`-module for json-handling. Consider installing one of `orjson`, `ujson` to speed up serialization and deserialization.
  warnings.warn(
/fssmall/home/h61084/codes/evaluating_tsfms/.venv/lib/python3.12/site-packages/gluonts/time_feature/seasonality.py:47: FutureWarning: 'H' is deprecated and will be removed in a future version, please use 'h' instead.
  offset = pd.tseries.frequencies.to_offset(freq)
/fssmall/home/h61084/codes/evaluating_tsfms/.venv/lib/python3.12/site-packages/gluonts/json.py:102: UserWarning: Using `json`-module for json-handling. Consider installing one of `orjson`, `ujson` to speed up serialization and deserialization.
  warnings.warn(
/fssmall/home/h61084/codes/evaluating_tsfms/.venv/lib/python3.12/site-packages/gluonts/time_feature/seasonality.py:47: FutureWarning: 'H' is deprecated and will be removed in a future version, please use 'h' instead.
  offset = pd.tseries.frequencies.to_offset(freq)
/fssmall/home/h61084/codes/evaluating_tsfms/.venv/lib/python3.12/site-packages/gluonts/json.py:102: UserWarning: Using `json`-module for json-handling. Consider installing one of `orjson`, `ujson` to speed up serialization and deserialization.
  warnings.warn(
/fssmall/home/h61084/codes/evaluating_tsfms/.venv/lib/python3.12/site-packages/gluonts/time_feature/seasonality.py:47: FutureWarning: 'H' is deprecated and will be removed in a future version, please use 'h' instead.
  offset = pd.tseries.frequencies.to_offset(freq)
/fssmall/home/h61084/codes/evaluating_tsfms/.venv/lib/python3.12/site-packages/gluonts/json.py:102: UserWarning: Using `json`-module for json-handling. Consider installing one of `orjson`, `ujson` to speed up serialization and deserialization.
  warnings.warn(
/fssmall/home/h61084/codes/evaluating_tsfms/.venv/lib/python3.12/site-packages/gluonts/time_feature/seasonality.py:47: FutureWarning: 'T' is deprecated and will be removed in a future version, please use 'min' instead.
  offset = pd.tseries.frequencies.to_offset(freq)
/fssmall/home/h61084/codes/evaluating_tsfms/.venv/lib/python3.12/site-packages/gluonts/json.py:102: UserWarning: Using `json`-module for json-handling. Consider installing one of `orjson`, `ujson` to speed up serialization and deserialization.
  warnings.warn(
/fssmall/home/h61084/codes/evaluating_tsfms/.venv/lib/python3.12/site-packages/gluonts/time_feature/seasonality.py:47: FutureWarning: 'T' is deprecated and will be removed in a future version, please use 'min' instead.
  offset = pd.tseries.frequencies.to_offset(freq)
/fssmall/home/h61084/codes/evaluating_tsfms/.venv/lib/python3.12/site-packages/gluonts/json.py:102: UserWarning: Using `json`-module for json-handling. Consider installing one of `orjson`, `ujson` to speed up serialization and deserialization.
  warnings.warn(
/fssmall/home/h61084/codes/evaluating_tsfms/.venv/lib/python3.12/site-packages/gluonts/time_feature/seasonality.py:47: FutureWarning: 'T' is deprecated and will be removed in a future version, please use 'min' instead.
  offset = pd.tseries.frequencies.to_offset(freq)
/fssmall/home/h61084/codes/evaluating_tsfms/.venv/lib/python3.12/site-packages/gluonts/json.py:102: UserWarning: Using `json`-module for json-handling. Consider installing one of `orjson`, `ujson` to speed up serialization and deserialization.
  warnings.warn(
/fssmall/home/h61084/codes/evaluating_tsfms/.venv/lib/python3.12/site-packages/gluonts/time_feature/seasonality.py:47: FutureWarning: 'T' is deprecated and will be removed in a future version, please use 'min' instead.
  offset = pd.tseries.frequencies.to_offset(freq)
/fssmall/home/h61084/codes/evaluating_tsfms/.venv/lib/python3.12/site-packages/gluonts/json.py:102: UserWarning: Using `json`-module for json-handling. Consider installing one of `orjson`, `ujson` to speed up serialization and deserialization.
  warnings.warn(
/fssmall/home/h61084/codes/evaluating_tsfms/.venv/lib/python3.12/site-packages/gluonts/json.py:102: UserWarning: Using `json`-module for json-handling. Consider installing one of `orjson`, `ujson` to speed up serialization and deserialization.
  warnings.warn(
/fssmall/home/h61084/codes/evaluating_tsfms/.venv/lib/python3.12/site-packages/gluonts/json.py:102: UserWarning: Using `json`-module for json-handling. Consider installing one of `orjson`, `ujson` to speed up serialization and deserialization.
  warnings.warn(
/fssmall/home/h61084/codes/evaluating_tsfms/.venv/lib/python3.12/site-packages/gluonts/json.py:102: UserWarning: Using `json`-module for json-handling. Consider installing one of `orjson`, `ujson` to speed up serialization and deserialization.
  warnings.warn(
/fssmall/home/h61084/codes/evaluating_tsfms/.venv/lib/python3.12/site-packages/gluonts/json.py:102: UserWarning: Using `json`-module for json-handling. Consider installing one of `orjson`, `ujson` to speed up serialization and deserialization.
  warnings.warn(
/fssmall/home/h61084/codes/evaluating_tsfms/.venv/lib/python3.12/site-packages/gluonts/json.py:102: UserWarning: Using `json`-module for json-handling. Consider installing one of `orjson`, `ujson` to speed up serialization and deserialization.
  warnings.warn(
/fssmall/home/h61084/codes/evaluating_tsfms/.venv/lib/python3.12/site-packages/gluonts/json.py:102: UserWarning: Using `json`-module for json-handling. Consider installing one of `orjson`, `ujson` to speed up serialization and deserialization.
  warnings.warn(
/fssmall/home/h61084/codes/evaluating_tsfms/.venv/lib/python3.12/site-packages/gluonts/json.py:102: UserWarning: Using `json`-module for json-handling. Consider installing one of `orjson`, `ujson` to speed up serialization and deserialization.
  warnings.warn(
/fssmall/home/h61084/codes/evaluating_tsfms/.venv/lib/python3.12/site-packages/gluonts/json.py:102: UserWarning: Using `json`-module for json-handling. Consider installing one of `orjson`, `ujson` to speed up serialization and deserialization.
  warnings.warn(
/fssmall/home/h61084/codes/evaluating_tsfms/.venv/lib/python3.12/site-packages/gluonts/json.py:102: UserWarning: Using `json`-module for json-handling. Consider installing one of `orjson`, `ujson` to speed up serialization and deserialization.
  warnings.warn(
/fssmall/home/h61084/codes/evaluating_tsfms/.venv/lib/python3.12/site-packages/gluonts/time_feature/seasonality.py:47: FutureWarning: 'M' is deprecated and will be removed in a future version, please use 'ME' instead.
  offset = pd.tseries.frequencies.to_offset(freq)
/fssmall/home/h61084/codes/evaluating_tsfms/.venv/lib/python3.12/site-packages/gluonts/json.py:102: UserWarning: Using `json`-module for json-handling. Consider installing one of `orjson`, `ujson` to speed up serialization and deserialization.
  warnings.warn(
/fssmall/home/h61084/codes/evaluating_tsfms/.venv/lib/python3.12/site-packages/gluonts/time_feature/seasonality.py:47: FutureWarning: 'M' is deprecated and will be removed in a future version, please use 'ME' instead.
  offset = pd.tseries.frequencies.to_offset(freq)
/fssmall/home/h61084/codes/evaluating_tsfms/.venv/lib/python3.12/site-packages/gluonts/json.py:102: UserWarning: Using `json`-module for json-handling. Consider installing one of `orjson`, `ujson` to speed up serialization and deserialization.
  warnings.warn(
/fssmall/home/h61084/codes/evaluating_tsfms/.venv/lib/python3.12/site-packages/gluonts/time_feature/seasonality.py:47: FutureWarning: 'M' is deprecated and will be removed in a future version, please use 'ME' instead.
  offset = pd.tseries.frequencies.to_offset(freq)
/fssmall/home/h61084/codes/evaluating_tsfms/.venv/lib/python3.12/site-packages/gluonts/json.py:102: UserWarning: Using `json`-module for json-handling. Consider installing one of `orjson`, `ujson` to speed up serialization and deserialization.
  warnings.warn(
/fssmall/home/h61084/codes/evaluating_tsfms/.venv/lib/python3.12/site-packages/gluonts/time_feature/seasonality.py:47: FutureWarning: 'M' is deprecated and will be removed in a future version, please use 'ME' instead.
  offset = pd.tseries.frequencies.to_offset(freq)
/fssmall/home/h61084/codes/evaluating_tsfms/.venv/lib/python3.12/site-packages/gluonts/json.py:102: UserWarning: Using `json`-module for json-handling. Consider installing one of `orjson`, `ujson` to speed up serialization and deserialization.
  warnings.warn(
/fssmall/home/h61084/codes/evaluating_tsfms/.venv/lib/python3.12/site-packages/gluonts/time_feature/seasonality.py:47: FutureWarning: 'M' is deprecated and will be removed in a future version, please use 'ME' instead.
  offset = pd.tseries.frequencies.to_offset(freq)
/fssmall/home/h61084/codes/evaluating_tsfms/.venv/lib/python3.12/site-packages/gluonts/json.py:102: UserWarning: Using `json`-module for json-handling. Consider installing one of `orjson`, `ujson` to speed up serialization and deserialization.
  warnings.warn(
/fssmall/home/h61084/codes/evaluating_tsfms/.venv/lib/python3.12/site-packages/gluonts/time_feature/seasonality.py:47: FutureWarning: 'M' is deprecated and will be removed in a future version, please use 'ME' instead.
  offset = pd.tseries.frequencies.to_offset(freq)
/fssmall/home/h61084/codes/evaluating_tsfms/.venv/lib/python3.12/site-packages/gluonts/json.py:102: UserWarning: Using `json`-module for json-handling. Consider installing one of `orjson`, `ujson` to speed up serialization and deserialization.
  warnings.warn(
/fssmall/home/h61084/codes/evaluating_tsfms/.venv/lib/python3.12/site-packages/gluonts/time_feature/seasonality.py:47: FutureWarning: 'M' is deprecated and will be removed in a future version, please use 'ME' instead.
  offset = pd.tseries.frequencies.to_offset(freq)
/fssmall/home/h61084/codes/evaluating_tsfms/.venv/lib/python3.12/site-packages/gluonts/json.py:102: UserWarning: Using `json`-module for json-handling. Consider installing one of `orjson`, `ujson` to speed up serialization and deserialization.
  warnings.warn(
/fssmall/home/h61084/codes/evaluating_tsfms/.venv/lib/python3.12/site-packages/gluonts/time_feature/seasonality.py:47: FutureWarning: 'M' is deprecated and will be removed in a future version, please use 'ME' instead.
  offset = pd.tseries.frequencies.to_offset(freq)
/fssmall/home/h61084/codes/evaluating_tsfms/.venv/lib/python3.12/site-packages/gluonts/json.py:102: UserWarning: Using `json`-module for json-handling. Consider installing one of `orjson`, `ujson` to speed up serialization and deserialization.
  warnings.warn(
/fssmall/home/h61084/codes/evaluating_tsfms/.venv/lib/python3.12/site-packages/gluonts/time_feature/seasonality.py:47: FutureWarning: 'Q' is deprecated and will be removed in a future version, please use 'QE' instead.
  offset = pd.tseries.frequencies.to_offset(freq)
/fssmall/home/h61084/codes/evaluating_tsfms/.venv/lib/python3.12/site-packages/gluonts/json.py:102: UserWarning: Using `json`-module for json-handling. Consider installing one of `orjson`, `ujson` to speed up serialization and deserialization.
  warnings.warn(
/fssmall/home/h61084/codes/evaluating_tsfms/.venv/lib/python3.12/site-packages/gluonts/time_feature/seasonality.py:47: FutureWarning: 'Q' is deprecated and will be removed in a future version, please use 'QE' instead.
  offset = pd.tseries.frequencies.to_offset(freq)
/fssmall/home/h61084/codes/evaluating_tsfms/.venv/lib/python3.12/site-packages/gluonts/json.py:102: UserWarning: Using `json`-module for json-handling. Consider installing one of `orjson`, `ujson` to speed up serialization and deserialization.
  warnings.warn(
/fssmall/home/h61084/codes/evaluating_tsfms/.venv/lib/python3.12/site-packages/gluonts/time_feature/seasonality.py:47: FutureWarning: 'M' is deprecated and will be removed in a future version, please use 'ME' instead.
  offset = pd.tseries.frequencies.to_offset(freq)
/fssmall/home/h61084/codes/evaluating_tsfms/.venv/lib/python3.12/site-packages/gluonts/json.py:102: UserWarning: Using `json`-module for json-handling. Consider installing one of `orjson`, `ujson` to speed up serialization and deserialization.
  warnings.warn(
/fssmall/home/h61084/codes/evaluating_tsfms/.venv/lib/python3.12/site-packages/gluonts/json.py:102: UserWarning: Using `json`-module for json-handling. Consider installing one of `orjson`, `ujson` to speed up serialization and deserialization.
  warnings.warn(
/fssmall/home/h61084/codes/evaluating_tsfms/.venv/lib/python3.12/site-packages/gluonts/json.py:102: UserWarning: Using `json`-module for json-handling. Consider installing one of `orjson`, `ujson` to speed up serialization and deserialization.
  warnings.warn(
/fssmall/home/h61084/codes/evaluating_tsfms/.venv/lib/python3.12/site-packages/gluonts/json.py:102: UserWarning: Using `json`-module for json-handling. Consider installing one of `orjson`, `ujson` to speed up serialization and deserialization.
  warnings.warn(
/fssmall/home/h61084/codes/evaluating_tsfms/.venv/lib/python3.12/site-packages/gluonts/time_feature/seasonality.py:47: FutureWarning: 'T' is deprecated and will be removed in a future version, please use 'min' instead.
  offset = pd.tseries.frequencies.to_offset(freq)
/fssmall/home/h61084/codes/evaluating_tsfms/.venv/lib/python3.12/site-packages/gluonts/json.py:102: UserWarning: Using `json`-module for json-handling. Consider installing one of `orjson`, `ujson` to speed up serialization and deserialization.
  warnings.warn(
/fssmall/home/h61084/codes/evaluating_tsfms/.venv/lib/python3.12/site-packages/gluonts/time_feature/seasonality.py:47: FutureWarning: 'T' is deprecated and will be removed in a future version, please use 'min' instead.
  offset = pd.tseries.frequencies.to_offset(freq)
/fssmall/home/h61084/codes/evaluating_tsfms/.venv/lib/python3.12/site-packages/gluonts/json.py:102: UserWarning: Using `json`-module for json-handling. Consider installing one of `orjson`, `ujson` to speed up serialization and deserialization.
  warnings.warn(
/fssmall/home/h61084/codes/evaluating_tsfms/.venv/lib/python3.12/site-packages/gluonts/time_feature/seasonality.py:47: FutureWarning: 'T' is deprecated and will be removed in a future version, please use 'min' instead.
  offset = pd.tseries.frequencies.to_offset(freq)
/fssmall/home/h61084/codes/evaluating_tsfms/.venv/lib/python3.12/site-packages/gluonts/json.py:102: UserWarning: Using `json`-module for json-handling. Consider installing one of `orjson`, `ujson` to speed up serialization and deserialization.
  warnings.warn(
/fssmall/home/h61084/codes/evaluating_tsfms/.venv/lib/python3.12/site-packages/gluonts/time_feature/seasonality.py:47: FutureWarning: 'H' is deprecated and will be removed in a future version, please use 'h' instead.
  offset = pd.tseries.frequencies.to_offset(freq)
/fssmall/home/h61084/codes/evaluating_tsfms/.venv/lib/python3.12/site-packages/gluonts/json.py:102: UserWarning: Using `json`-module for json-handling. Consider installing one of `orjson`, `ujson` to speed up serialization and deserialization.
  warnings.warn(
/fssmall/home/h61084/codes/evaluating_tsfms/.venv/lib/python3.12/site-packages/gluonts/time_feature/seasonality.py:47: FutureWarning: 'T' is deprecated and will be removed in a future version, please use 'min' instead.
  offset = pd.tseries.frequencies.to_offset(freq)
Loading weights:   0%|          | 0/170 [00:00<?, ?it/s]Loading weights:   8%|▊         | 13/170 [00:00<00:01, 121.61it/s]Loading weights:  22%|██▏       | 38/170 [00:00<00:00, 192.00it/s]Loading weights:  38%|███▊      | 64/170 [00:00<00:00, 218.86it/s]Loading weights:  54%|█████▎    | 91/170 [00:00<00:00, 230.04it/s]Loading weights:  74%|███████▍  | 126/170 [00:00<00:00, 270.09it/s]Loading weights:  92%|█████████▏| 156/170 [00:00<00:00, 271.41it/s]Loading weights: 100%|██████████| 170/170 [00:00<00:00, 253.29it/s]
/fssmall/home/h61084/codes/evaluating_tsfms/.venv/lib/python3.12/site-packages/gluonts/dataset/common.py:263: FutureWarning: 'T' is deprecated and will be removed in a future version, please use 'min' instead.
  return pd.Period(val, freq)
Loading weights:   0%|          | 0/170 [00:00<?, ?it/s]Loading weights:  59%|█████▉    | 101/170 [00:00<00:00, 1006.80it/s]Loading weights: 100%|██████████| 170/170 [00:00<00:00, 995.33it/s] 
Loading weights:   0%|          | 0/170 [00:00<?, ?it/s]Loading weights:  59%|█████▉    | 101/170 [00:00<00:00, 1003.08it/s]Loading weights: 100%|██████████| 170/170 [00:00<00:00, 992.74it/s] 
