2026-09-15 16:06:51 | workflow foundation_models started launch_id=selena_20260915T140649Z_45401 task=chronos2 slurm_job_id=3435865 slurm_array_job_id=none slurm_array_task_id=none
2026-09-15 16:06:51 | stage evaluate started
2026-09-15 16:06:51 | task model=chronos2 runner=run_chronos2.sh environment=uv covariate_mode=none target_mode=auto started
[2026-09-15 16:06:51] TIME runner: run_chronos2.sh
[2026-09-15 16:06:51] datasets: /scratch/users/h61084/datasets/hf_dataset
[2026-09-15 16:06:51] weights: /scratch/users/h61084/weights
[2026-09-15 16:06:51] outputs: /scratch/users/h61084/codes/evaluating_tsfms/outputs
[2026-09-15 16:06:51] covariate mode: none
[2026-09-15 16:06:51] target mode: auto

############################################################
# Dataset 1/1: Water_Quality_Darwin/15T
############################################################
Loading configuration...

============================================================
Dataset: Water_Quality_Darwin/15T
Model: amazon/chronos-2
Checkpoint: /fslarge/scratch/users/h61084/weights/chronos2
Terms: ['short', 'medium', 'long']
Covariate mode: none
============================================================

--- Term: short ---
  Config: prediction_length=16, test_length=1440, val_length=1440
TIME run allocation action=skip run=/fslarge/scratch/users/h61084/codes/evaluating_tsfms/outputs/foundation_models/tasks/chronos2/multivariate/Water_Quality_Darwin/15T/short/run_1 source_launch=selena_20260915T093434Z_46580 launch_id=selena_20260915T140649Z_45401 slurm_job_id=3435865 launched_at=2026-09-15T14:07:16.465789+00:00
  Reused completed task: /fslarge/scratch/users/h61084/codes/evaluating_tsfms/outputs/foundation_models/tasks/chronos2/multivariate/Water_Quality_Darwin/15T/short/run_1

--- Term: medium ---
  Config: prediction_length=96, test_length=1440, val_length=1440
TIME run allocation action=skip run=/fslarge/scratch/users/h61084/codes/evaluating_tsfms/outputs/foundation_models/tasks/chronos2/multivariate/Water_Quality_Darwin/15T/medium/run_1 source_launch=selena_20260915T093434Z_46580 launch_id=selena_20260915T140649Z_45401 slurm_job_id=3435865 launched_at=2026-09-15T14:07:16.491091+00:00
  Reused completed task: /fslarge/scratch/users/h61084/codes/evaluating_tsfms/outputs/foundation_models/tasks/chronos2/multivariate/Water_Quality_Darwin/15T/medium/run_1

--- Term: long ---
  Config: prediction_length=288, test_length=1440, val_length=1440
TIME run allocation action=skip run=/fslarge/scratch/users/h61084/codes/evaluating_tsfms/outputs/foundation_models/tasks/chronos2/multivariate/Water_Quality_Darwin/15T/long/run_1 source_launch=selena_20260915T093434Z_46580 launch_id=selena_20260915T140649Z_45401 slurm_job_id=3435865 launched_at=2026-09-15T14:07:16.515935+00:00
  Reused completed task: /fslarge/scratch/users/h61084/codes/evaluating_tsfms/outputs/foundation_models/tasks/chronos2/multivariate/Water_Quality_Darwin/15T/long/run_1

============================================================
All experiments completed!
Results saved to: /scratch/users/h61084/codes/evaluating_tsfms/outputs/foundation_models/tasks
============================================================

############################################################
# All 1 dataset(s) completed!
############################################################

############################################################
# Dataset 1/1: current_velocity/5T
############################################################
Loading configuration...

============================================================
Dataset: current_velocity/5T
Model: amazon/chronos-2
Checkpoint: /fslarge/scratch/users/h61084/weights/chronos2
Terms: ['short', 'medium', 'long']
Covariate mode: none
============================================================

--- Term: short ---
  Config: prediction_length=36, test_length=4320, val_length=4320
TIME run allocation action=skip run=/fslarge/scratch/users/h61084/codes/evaluating_tsfms/outputs/foundation_models/tasks/chronos2/multivariate/current_velocity/5T/short/run_1 source_launch=selena_20260915T093434Z_46580 launch_id=selena_20260915T140649Z_45401 slurm_job_id=3435865 launched_at=2026-09-15T14:07:25.330615+00:00
  Reused completed task: /fslarge/scratch/users/h61084/codes/evaluating_tsfms/outputs/foundation_models/tasks/chronos2/multivariate/current_velocity/5T/short/run_1

--- Term: medium ---
  Config: prediction_length=288, test_length=4320, val_length=4320
TIME run allocation action=skip run=/fslarge/scratch/users/h61084/codes/evaluating_tsfms/outputs/foundation_models/tasks/chronos2/multivariate/current_velocity/5T/medium/run_1 source_launch=selena_20260915T093434Z_46580 launch_id=selena_20260915T140649Z_45401 slurm_job_id=3435865 launched_at=2026-09-15T14:07:25.363620+00:00
  Reused completed task: /fslarge/scratch/users/h61084/codes/evaluating_tsfms/outputs/foundation_models/tasks/chronos2/multivariate/current_velocity/5T/medium/run_1

--- Term: long ---
  Config: prediction_length=864, test_length=4320, val_length=4320
TIME run allocation action=skip run=/fslarge/scratch/users/h61084/codes/evaluating_tsfms/outputs/foundation_models/tasks/chronos2/multivariate/current_velocity/5T/long/run_1 source_launch=selena_20260915T093434Z_46580 launch_id=selena_20260915T140649Z_45401 slurm_job_id=3435865 launched_at=2026-09-15T14:07:25.395870+00:00
  Reused completed task: /fslarge/scratch/users/h61084/codes/evaluating_tsfms/outputs/foundation_models/tasks/chronos2/multivariate/current_velocity/5T/long/run_1

============================================================
All experiments completed!
Results saved to: /scratch/users/h61084/codes/evaluating_tsfms/outputs/foundation_models/tasks
============================================================

############################################################
# All 1 dataset(s) completed!
############################################################

############################################################
# Dataset 1/1: current_velocity/10T
############################################################
Loading configuration...

============================================================
Dataset: current_velocity/10T
Model: amazon/chronos-2
Checkpoint: /fslarge/scratch/users/h61084/weights/chronos2
Terms: ['short', 'medium', 'long']
Covariate mode: none
============================================================

--- Term: short ---
  Config: prediction_length=18, test_length=2160, val_length=2160
TIME run allocation action=skip run=/fslarge/scratch/users/h61084/codes/evaluating_tsfms/outputs/foundation_models/tasks/chronos2/multivariate/current_velocity/10T/short/run_1 source_launch=selena_20260915T093434Z_46580 launch_id=selena_20260915T140649Z_45401 slurm_job_id=3435865 launched_at=2026-09-15T14:07:33.894322+00:00
  Reused completed task: /fslarge/scratch/users/h61084/codes/evaluating_tsfms/outputs/foundation_models/tasks/chronos2/multivariate/current_velocity/10T/short/run_1

--- Term: medium ---
  Config: prediction_length=144, test_length=2160, val_length=2160
TIME run allocation action=skip run=/fslarge/scratch/users/h61084/codes/evaluating_tsfms/outputs/foundation_models/tasks/chronos2/multivariate/current_velocity/10T/medium/run_1 source_launch=selena_20260915T093434Z_46580 launch_id=selena_20260915T140649Z_45401 slurm_job_id=3435865 launched_at=2026-09-15T14:07:33.930433+00:00
  Reused completed task: /fslarge/scratch/users/h61084/codes/evaluating_tsfms/outputs/foundation_models/tasks/chronos2/multivariate/current_velocity/10T/medium/run_1

--- Term: long ---
  Config: prediction_length=432, test_length=2160, val_length=2160
TIME run allocation action=skip run=/fslarge/scratch/users/h61084/codes/evaluating_tsfms/outputs/foundation_models/tasks/chronos2/multivariate/current_velocity/10T/long/run_1 source_launch=selena_20260915T093434Z_46580 launch_id=selena_20260915T140649Z_45401 slurm_job_id=3435865 launched_at=2026-09-15T14:07:33.965723+00:00
  Reused completed task: /fslarge/scratch/users/h61084/codes/evaluating_tsfms/outputs/foundation_models/tasks/chronos2/multivariate/current_velocity/10T/long/run_1

============================================================
All experiments completed!
Results saved to: /scratch/users/h61084/codes/evaluating_tsfms/outputs/foundation_models/tasks
============================================================

############################################################
# All 1 dataset(s) completed!
############################################################

############################################################
# Dataset 1/1: current_velocity/15T
############################################################
Loading configuration...

============================================================
Dataset: current_velocity/15T
Model: amazon/chronos-2
Checkpoint: /fslarge/scratch/users/h61084/weights/chronos2
Terms: ['short', 'medium', 'long']
Covariate mode: none
============================================================

--- Term: short ---
  Config: prediction_length=12, test_length=1440, val_length=1440
TIME run allocation action=skip run=/fslarge/scratch/users/h61084/codes/evaluating_tsfms/outputs/foundation_models/tasks/chronos2/multivariate/current_velocity/15T/short/run_1 source_launch=selena_20260915T093434Z_46580 launch_id=selena_20260915T140649Z_45401 slurm_job_id=3435865 launched_at=2026-09-15T14:07:42.394081+00:00
  Reused completed task: /fslarge/scratch/users/h61084/codes/evaluating_tsfms/outputs/foundation_models/tasks/chronos2/multivariate/current_velocity/15T/short/run_1

--- Term: medium ---
  Config: prediction_length=96, test_length=1440, val_length=1440
TIME run allocation action=skip run=/fslarge/scratch/users/h61084/codes/evaluating_tsfms/outputs/foundation_models/tasks/chronos2/multivariate/current_velocity/15T/medium/run_1 source_launch=selena_20260915T093434Z_46580 launch_id=selena_20260915T140649Z_45401 slurm_job_id=3435865 launched_at=2026-09-15T14:07:42.419512+00:00
  Reused completed task: /fslarge/scratch/users/h61084/codes/evaluating_tsfms/outputs/foundation_models/tasks/chronos2/multivariate/current_velocity/15T/medium/run_1

--- Term: long ---
  Config: prediction_length=288, test_length=1440, val_length=1440
TIME run allocation action=skip run=/fslarge/scratch/users/h61084/codes/evaluating_tsfms/outputs/foundation_models/tasks/chronos2/multivariate/current_velocity/15T/long/run_1 source_launch=selena_20260915T093434Z_46580 launch_id=selena_20260915T140649Z_45401 slurm_job_id=3435865 launched_at=2026-09-15T14:07:42.444482+00:00
  Reused completed task: /fslarge/scratch/users/h61084/codes/evaluating_tsfms/outputs/foundation_models/tasks/chronos2/multivariate/current_velocity/15T/long/run_1

============================================================
All experiments completed!
Results saved to: /scratch/users/h61084/codes/evaluating_tsfms/outputs/foundation_models/tasks
============================================================

############################################################
# All 1 dataset(s) completed!
############################################################

############################################################
# Dataset 1/1: current_velocity/20T
############################################################
Loading configuration...

============================================================
Dataset: current_velocity/20T
Model: amazon/chronos-2
Checkpoint: /fslarge/scratch/users/h61084/weights/chronos2
Terms: ['short', 'medium', 'long']
Covariate mode: none
============================================================

--- Term: short ---
  Config: prediction_length=9, test_length=1080, val_length=1080
TIME run allocation action=skip run=/fslarge/scratch/users/h61084/codes/evaluating_tsfms/outputs/foundation_models/tasks/chronos2/multivariate/current_velocity/20T/short/run_1 source_launch=selena_20260915T093434Z_46580 launch_id=selena_20260915T140649Z_45401 slurm_job_id=3435865 launched_at=2026-09-15T14:07:50.903106+00:00
  Reused completed task: /fslarge/scratch/users/h61084/codes/evaluating_tsfms/outputs/foundation_models/tasks/chronos2/multivariate/current_velocity/20T/short/run_1

--- Term: medium ---
  Config: prediction_length=72, test_length=1080, val_length=1080
TIME run allocation action=skip run=/fslarge/scratch/users/h61084/codes/evaluating_tsfms/outputs/foundation_models/tasks/chronos2/multivariate/current_velocity/20T/medium/run_1 source_launch=selena_20260915T093434Z_46580 launch_id=selena_20260915T140649Z_45401 slurm_job_id=3435865 launched_at=2026-09-15T14:07:50.920066+00:00
  Reused completed task: /fslarge/scratch/users/h61084/codes/evaluating_tsfms/outputs/foundation_models/tasks/chronos2/multivariate/current_velocity/20T/medium/run_1

--- Term: long ---
  Config: prediction_length=216, test_length=1080, val_length=1080
TIME run allocation action=skip run=/fslarge/scratch/users/h61084/codes/evaluating_tsfms/outputs/foundation_models/tasks/chronos2/multivariate/current_velocity/20T/long/run_1 source_launch=selena_20260915T093434Z_46580 launch_id=selena_20260915T140649Z_45401 slurm_job_id=3435865 launched_at=2026-09-15T14:07:50.936565+00:00
  Reused completed task: /fslarge/scratch/users/h61084/codes/evaluating_tsfms/outputs/foundation_models/tasks/chronos2/multivariate/current_velocity/20T/long/run_1

============================================================
All experiments completed!
Results saved to: /scratch/users/h61084/codes/evaluating_tsfms/outputs/foundation_models/tasks
============================================================

############################################################
# All 1 dataset(s) completed!
############################################################

############################################################
# Dataset 1/1: current_velocity/H
############################################################
Loading configuration...

============================================================
Dataset: current_velocity/H
Model: amazon/chronos-2
Checkpoint: /fslarge/scratch/users/h61084/weights/chronos2
Terms: ['short', 'medium', 'long']
Covariate mode: none
============================================================

--- Term: short ---
  Config: prediction_length=24, test_length=672, val_length=672
TIME run allocation action=skip run=/fslarge/scratch/users/h61084/codes/evaluating_tsfms/outputs/foundation_models/tasks/chronos2/multivariate/current_velocity/H/short/run_1 source_launch=selena_20260915T093434Z_46580 launch_id=selena_20260915T140649Z_45401 slurm_job_id=3435865 launched_at=2026-09-15T14:07:59.429489+00:00
  Reused completed task: /fslarge/scratch/users/h61084/codes/evaluating_tsfms/outputs/foundation_models/tasks/chronos2/multivariate/current_velocity/H/short/run_1

--- Term: medium ---
  Config: prediction_length=168, test_length=672, val_length=672
TIME run allocation action=skip run=/fslarge/scratch/users/h61084/codes/evaluating_tsfms/outputs/foundation_models/tasks/chronos2/multivariate/current_velocity/H/medium/run_1 source_launch=selena_20260915T093434Z_46580 launch_id=selena_20260915T140649Z_45401 slurm_job_id=3435865 launched_at=2026-09-15T14:07:59.446073+00:00
  Reused completed task: /fslarge/scratch/users/h61084/codes/evaluating_tsfms/outputs/foundation_models/tasks/chronos2/multivariate/current_velocity/H/medium/run_1

--- Term: long ---
  Config: prediction_length=336, test_length=672, val_length=672
TIME run allocation action=skip run=/fslarge/scratch/users/h61084/codes/evaluating_tsfms/outputs/foundation_models/tasks/chronos2/multivariate/current_velocity/H/long/run_1 source_launch=selena_20260915T093434Z_46580 launch_id=selena_20260915T140649Z_45401 slurm_job_id=3435865 launched_at=2026-09-15T14:07:59.462285+00:00
  Reused completed task: /fslarge/scratch/users/h61084/codes/evaluating_tsfms/outputs/foundation_models/tasks/chronos2/multivariate/current_velocity/H/long/run_1

============================================================
All experiments completed!
Results saved to: /scratch/users/h61084/codes/evaluating_tsfms/outputs/foundation_models/tasks
============================================================

############################################################
# All 1 dataset(s) completed!
############################################################

############################################################
# Dataset 1/1: CPHL/15T
############################################################
Loading configuration...

============================================================
Dataset: CPHL/15T
Model: amazon/chronos-2
Checkpoint: /fslarge/scratch/users/h61084/weights/chronos2
Terms: ['short', 'medium', 'long']
Covariate mode: none
============================================================

--- Term: short ---
  Config: prediction_length=12, test_length=1440, val_length=1440
TIME run allocation action=skip run=/fslarge/scratch/users/h61084/codes/evaluating_tsfms/outputs/foundation_models/tasks/chronos2/univariate/CPHL/15T/short/run_1 source_launch=selena_20260915T093434Z_46580 launch_id=selena_20260915T140649Z_45401 slurm_job_id=3435865 launched_at=2026-09-15T14:08:07.911291+00:00
  Reused completed task: /fslarge/scratch/users/h61084/codes/evaluating_tsfms/outputs/foundation_models/tasks/chronos2/univariate/CPHL/15T/short/run_1

--- Term: medium ---
  Config: prediction_length=96, test_length=1440, val_length=1440
TIME run allocation action=skip run=/fslarge/scratch/users/h61084/codes/evaluating_tsfms/outputs/foundation_models/tasks/chronos2/univariate/CPHL/15T/medium/run_1 source_launch=selena_20260915T093434Z_46580 launch_id=selena_20260915T140649Z_45401 slurm_job_id=3435865 launched_at=2026-09-15T14:08:07.930244+00:00
  Reused completed task: /fslarge/scratch/users/h61084/codes/evaluating_tsfms/outputs/foundation_models/tasks/chronos2/univariate/CPHL/15T/medium/run_1

--- Term: long ---
  Config: prediction_length=288, test_length=1440, val_length=1440
TIME run allocation action=skip run=/fslarge/scratch/users/h61084/codes/evaluating_tsfms/outputs/foundation_models/tasks/chronos2/univariate/CPHL/15T/long/run_1 source_launch=selena_20260915T093434Z_46580 launch_id=selena_20260915T140649Z_45401 slurm_job_id=3435865 launched_at=2026-09-15T14:08:07.944583+00:00
  Reused completed task: /fslarge/scratch/users/h61084/codes/evaluating_tsfms/outputs/foundation_models/tasks/chronos2/univariate/CPHL/15T/long/run_1

============================================================
All experiments completed!
Results saved to: /scratch/users/h61084/codes/evaluating_tsfms/outputs/foundation_models/tasks
============================================================

############################################################
# All 1 dataset(s) completed!
############################################################

############################################################
# Dataset 1/1: CPHL/30T
############################################################
Loading configuration...

============================================================
Dataset: CPHL/30T
Model: amazon/chronos-2
Checkpoint: /fslarge/scratch/users/h61084/weights/chronos2
Terms: ['short', 'medium', 'long']
Covariate mode: none
============================================================

--- Term: short ---
  Config: prediction_length=12, test_length=1440, val_length=1440
TIME run allocation action=skip run=/fslarge/scratch/users/h61084/codes/evaluating_tsfms/outputs/foundation_models/tasks/chronos2/univariate/CPHL/30T/short/run_1 source_launch=selena_20260915T093434Z_46580 launch_id=selena_20260915T140649Z_45401 slurm_job_id=3435865 launched_at=2026-09-15T14:08:16.398007+00:00
  Reused completed task: /fslarge/scratch/users/h61084/codes/evaluating_tsfms/outputs/foundation_models/tasks/chronos2/univariate/CPHL/30T/short/run_1

--- Term: medium ---
  Config: prediction_length=48, test_length=1440, val_length=1440
TIME run allocation action=skip run=/fslarge/scratch/users/h61084/codes/evaluating_tsfms/outputs/foundation_models/tasks/chronos2/univariate/CPHL/30T/medium/run_1 source_launch=selena_20260915T093434Z_46580 launch_id=selena_20260915T140649Z_45401 slurm_job_id=3435865 launched_at=2026-09-15T14:08:16.412432+00:00
  Reused completed task: /fslarge/scratch/users/h61084/codes/evaluating_tsfms/outputs/foundation_models/tasks/chronos2/univariate/CPHL/30T/medium/run_1

--- Term: long ---
  Config: prediction_length=144, test_length=1440, val_length=1440
TIME run allocation action=skip run=/fslarge/scratch/users/h61084/codes/evaluating_tsfms/outputs/foundation_models/tasks/chronos2/univariate/CPHL/30T/long/run_1 source_launch=selena_20260915T093434Z_46580 launch_id=selena_20260915T140649Z_45401 slurm_job_id=3435865 launched_at=2026-09-15T14:08:16.426802+00:00
  Reused completed task: /fslarge/scratch/users/h61084/codes/evaluating_tsfms/outputs/foundation_models/tasks/chronos2/univariate/CPHL/30T/long/run_1

============================================================
All experiments completed!
Results saved to: /scratch/users/h61084/codes/evaluating_tsfms/outputs/foundation_models/tasks
============================================================

############################################################
# All 1 dataset(s) completed!
############################################################

############################################################
# Dataset 1/1: CPHL/H
############################################################
Loading configuration...

============================================================
Dataset: CPHL/H
Model: amazon/chronos-2
Checkpoint: /fslarge/scratch/users/h61084/weights/chronos2
Terms: ['short', 'medium', 'long']
Covariate mode: none
============================================================

--- Term: short ---
  Config: prediction_length=24, test_length=672, val_length=672
TIME run allocation action=skip run=/fslarge/scratch/users/h61084/codes/evaluating_tsfms/outputs/foundation_models/tasks/chronos2/univariate/CPHL/H/short/run_1 source_launch=selena_20260915T093434Z_46580 launch_id=selena_20260915T140649Z_45401 slurm_job_id=3435865 launched_at=2026-09-15T14:08:24.861034+00:00
  Reused completed task: /fslarge/scratch/users/h61084/codes/evaluating_tsfms/outputs/foundation_models/tasks/chronos2/univariate/CPHL/H/short/run_1

--- Term: medium ---
  Config: prediction_length=168, test_length=672, val_length=672
TIME run allocation action=skip run=/fslarge/scratch/users/h61084/codes/evaluating_tsfms/outputs/foundation_models/tasks/chronos2/univariate/CPHL/H/medium/run_1 source_launch=selena_20260915T093434Z_46580 launch_id=selena_20260915T140649Z_45401 slurm_job_id=3435865 launched_at=2026-09-15T14:08:24.874834+00:00
  Reused completed task: /fslarge/scratch/users/h61084/codes/evaluating_tsfms/outputs/foundation_models/tasks/chronos2/univariate/CPHL/H/medium/run_1

--- Term: long ---
  Config: prediction_length=336, test_length=672, val_length=672
TIME run allocation action=skip run=/fslarge/scratch/users/h61084/codes/evaluating_tsfms/outputs/foundation_models/tasks/chronos2/univariate/CPHL/H/long/run_1 source_launch=selena_20260915T093434Z_46580 launch_id=selena_20260915T140649Z_45401 slurm_job_id=3435865 launched_at=2026-09-15T14:08:24.888291+00:00
  Reused completed task: /fslarge/scratch/users/h61084/codes/evaluating_tsfms/outputs/foundation_models/tasks/chronos2/univariate/CPHL/H/long/run_1

============================================================
All experiments completed!
Results saved to: /scratch/users/h61084/codes/evaluating_tsfms/outputs/foundation_models/tasks
============================================================

############################################################
# All 1 dataset(s) completed!
############################################################

############################################################
# Dataset 1/1: Coastal_T_S/5T
############################################################
Loading configuration...

============================================================
Dataset: Coastal_T_S/5T
Model: amazon/chronos-2
Checkpoint: /fslarge/scratch/users/h61084/weights/chronos2
Terms: ['short', 'medium', 'long']
Covariate mode: none
============================================================

--- Term: short ---
  Config: prediction_length=36, test_length=4320, val_length=4320
TIME run allocation action=skip run=/fslarge/scratch/users/h61084/codes/evaluating_tsfms/outputs/foundation_models/tasks/chronos2/multivariate/Coastal_T_S/5T/short/run_1 source_launch=selena_20260915T093434Z_46580 launch_id=selena_20260915T140649Z_45401 slurm_job_id=3435865 launched_at=2026-09-15T14:08:33.390455+00:00
  Reused completed task: /fslarge/scratch/users/h61084/codes/evaluating_tsfms/outputs/foundation_models/tasks/chronos2/multivariate/Coastal_T_S/5T/short/run_1

--- Term: medium ---
  Config: prediction_length=288, test_length=4320, val_length=4320
TIME run allocation action=skip run=/fslarge/scratch/users/h61084/codes/evaluating_tsfms/outputs/foundation_models/tasks/chronos2/multivariate/Coastal_T_S/5T/medium/run_1 source_launch=selena_20260915T093434Z_46580 launch_id=selena_20260915T140649Z_45401 slurm_job_id=3435865 launched_at=2026-09-15T14:08:33.447616+00:00
  Reused completed task: /fslarge/scratch/users/h61084/codes/evaluating_tsfms/outputs/foundation_models/tasks/chronos2/multivariate/Coastal_T_S/5T/medium/run_1

--- Term: long ---
  Config: prediction_length=864, test_length=4320, val_length=4320
TIME run allocation action=skip run=/fslarge/scratch/users/h61084/codes/evaluating_tsfms/outputs/foundation_models/tasks/chronos2/multivariate/Coastal_T_S/5T/long/run_1 source_launch=selena_20260915T093434Z_46580 launch_id=selena_20260915T140649Z_45401 slurm_job_id=3435865 launched_at=2026-09-15T14:08:33.504307+00:00
  Reused completed task: /fslarge/scratch/users/h61084/codes/evaluating_tsfms/outputs/foundation_models/tasks/chronos2/multivariate/Coastal_T_S/5T/long/run_1

============================================================
All experiments completed!
Results saved to: /scratch/users/h61084/codes/evaluating_tsfms/outputs/foundation_models/tasks
============================================================

############################################################
# All 1 dataset(s) completed!
############################################################

############################################################
# Dataset 1/1: Coastal_T_S/15T
############################################################
Loading configuration...

============================================================
Dataset: Coastal_T_S/15T
Model: amazon/chronos-2
Checkpoint: /fslarge/scratch/users/h61084/weights/chronos2
Terms: ['short', 'medium', 'long']
Covariate mode: none
============================================================

--- Term: short ---
  Config: prediction_length=12, test_length=1440, val_length=1440
TIME run allocation action=skip run=/fslarge/scratch/users/h61084/codes/evaluating_tsfms/outputs/foundation_models/tasks/chronos2/multivariate/Coastal_T_S/15T/short/run_1 source_launch=selena_20260915T093434Z_46580 launch_id=selena_20260915T140649Z_45401 slurm_job_id=3435865 launched_at=2026-09-15T14:08:41.949448+00:00
  Reused completed task: /fslarge/scratch/users/h61084/codes/evaluating_tsfms/outputs/foundation_models/tasks/chronos2/multivariate/Coastal_T_S/15T/short/run_1

--- Term: medium ---
  Config: prediction_length=96, test_length=1440, val_length=1440
TIME run allocation action=skip run=/fslarge/scratch/users/h61084/codes/evaluating_tsfms/outputs/foundation_models/tasks/chronos2/multivariate/Coastal_T_S/15T/medium/run_1 source_launch=selena_20260915T093434Z_46580 launch_id=selena_20260915T140649Z_45401 slurm_job_id=3435865 launched_at=2026-09-15T14:08:41.970779+00:00
  Reused completed task: /fslarge/scratch/users/h61084/codes/evaluating_tsfms/outputs/foundation_models/tasks/chronos2/multivariate/Coastal_T_S/15T/medium/run_1

--- Term: long ---
  Config: prediction_length=288, test_length=1440, val_length=1440
TIME run allocation action=skip run=/fslarge/scratch/users/h61084/codes/evaluating_tsfms/outputs/foundation_models/tasks/chronos2/multivariate/Coastal_T_S/15T/long/run_1 source_launch=selena_20260915T093434Z_46580 launch_id=selena_20260915T140649Z_45401 slurm_job_id=3435865 launched_at=2026-09-15T14:08:41.991120+00:00
  Reused completed task: /fslarge/scratch/users/h61084/codes/evaluating_tsfms/outputs/foundation_models/tasks/chronos2/multivariate/Coastal_T_S/15T/long/run_1

============================================================
All experiments completed!
Results saved to: /scratch/users/h61084/codes/evaluating_tsfms/outputs/foundation_models/tasks
============================================================

############################################################
# All 1 dataset(s) completed!
############################################################

############################################################
# Dataset 1/1: Coastal_T_S/20T
############################################################
Loading configuration...

============================================================
Dataset: Coastal_T_S/20T
Model: amazon/chronos-2
Checkpoint: /fslarge/scratch/users/h61084/weights/chronos2
Terms: ['short', 'medium', 'long']
Covariate mode: none
============================================================

--- Term: short ---
  Config: prediction_length=9, test_length=1080, val_length=1080
TIME run allocation action=skip run=/fslarge/scratch/users/h61084/codes/evaluating_tsfms/outputs/foundation_models/tasks/chronos2/multivariate/Coastal_T_S/20T/short/run_1 source_launch=selena_20260915T093434Z_46580 launch_id=selena_20260915T140649Z_45401 slurm_job_id=3435865 launched_at=2026-09-15T14:08:50.450864+00:00
  Reused completed task: /fslarge/scratch/users/h61084/codes/evaluating_tsfms/outputs/foundation_models/tasks/chronos2/multivariate/Coastal_T_S/20T/short/run_1

--- Term: medium ---
  Config: prediction_length=72, test_length=1080, val_length=1080
TIME run allocation action=skip run=/fslarge/scratch/users/h61084/codes/evaluating_tsfms/outputs/foundation_models/tasks/chronos2/multivariate/Coastal_T_S/20T/medium/run_1 source_launch=selena_20260915T093434Z_46580 launch_id=selena_20260915T140649Z_45401 slurm_job_id=3435865 launched_at=2026-09-15T14:08:50.467068+00:00
  Reused completed task: /fslarge/scratch/users/h61084/codes/evaluating_tsfms/outputs/foundation_models/tasks/chronos2/multivariate/Coastal_T_S/20T/medium/run_1

--- Term: long ---
  Config: prediction_length=216, test_length=1080, val_length=1080
TIME run allocation action=skip run=/fslarge/scratch/users/h61084/codes/evaluating_tsfms/outputs/foundation_models/tasks/chronos2/multivariate/Coastal_T_S/20T/long/run_1 source_launch=selena_20260915T093434Z_46580 launch_id=selena_20260915T140649Z_45401 slurm_job_id=3435865 launched_at=2026-09-15T14:08:50.482437+00:00
  Reused completed task: /fslarge/scratch/users/h61084/codes/evaluating_tsfms/outputs/foundation_models/tasks/chronos2/multivariate/Coastal_T_S/20T/long/run_1

============================================================
All experiments completed!
Results saved to: /scratch/users/h61084/codes/evaluating_tsfms/outputs/foundation_models/tasks
============================================================

############################################################
# All 1 dataset(s) completed!
############################################################

############################################################
# Dataset 1/1: Coastal_T_S/H
############################################################
Loading configuration...

============================================================
Dataset: Coastal_T_S/H
Model: amazon/chronos-2
Checkpoint: /fslarge/scratch/users/h61084/weights/chronos2
Terms: ['short', 'medium', 'long']
Covariate mode: none
============================================================

--- Term: short ---
  Config: prediction_length=24, test_length=672, val_length=672
TIME run allocation action=skip run=/fslarge/scratch/users/h61084/codes/evaluating_tsfms/outputs/foundation_models/tasks/chronos2/multivariate/Coastal_T_S/H/short/run_1 source_launch=selena_20260915T093434Z_46580 launch_id=selena_20260915T140649Z_45401 slurm_job_id=3435865 launched_at=2026-09-15T14:08:58.920343+00:00
  Reused completed task: /fslarge/scratch/users/h61084/codes/evaluating_tsfms/outputs/foundation_models/tasks/chronos2/multivariate/Coastal_T_S/H/short/run_1

--- Term: medium ---
  Config: prediction_length=168, test_length=672, val_length=672
TIME run allocation action=skip run=/fslarge/scratch/users/h61084/codes/evaluating_tsfms/outputs/foundation_models/tasks/chronos2/multivariate/Coastal_T_S/H/medium/run_1 source_launch=selena_20260915T093434Z_46580 launch_id=selena_20260915T140649Z_45401 slurm_job_id=3435865 launched_at=2026-09-15T14:08:58.937145+00:00
  Reused completed task: /fslarge/scratch/users/h61084/codes/evaluating_tsfms/outputs/foundation_models/tasks/chronos2/multivariate/Coastal_T_S/H/medium/run_1

--- Term: long ---
  Config: prediction_length=336, test_length=672, val_length=672
TIME run allocation action=skip run=/fslarge/scratch/users/h61084/codes/evaluating_tsfms/outputs/foundation_models/tasks/chronos2/multivariate/Coastal_T_S/H/long/run_1 source_launch=selena_20260915T093434Z_46580 launch_id=selena_20260915T140649Z_45401 slurm_job_id=3435865 launched_at=2026-09-15T14:08:58.953685+00:00
  Reused completed task: /fslarge/scratch/users/h61084/codes/evaluating_tsfms/outputs/foundation_models/tasks/chronos2/multivariate/Coastal_T_S/H/long/run_1

============================================================
All experiments completed!
Results saved to: /scratch/users/h61084/codes/evaluating_tsfms/outputs/foundation_models/tasks
============================================================

############################################################
# All 1 dataset(s) completed!
############################################################

############################################################
# Dataset 1/1: SG_Weather/D
############################################################
Loading configuration...

============================================================
Dataset: SG_Weather/D
Model: amazon/chronos-2
Checkpoint: /fslarge/scratch/users/h61084/weights/chronos2
Terms: ['short', 'medium', 'long']
Covariate mode: none
============================================================

--- Term: short ---
  Config: prediction_length=3, test_length=366, val_length=366
TIME run allocation action=skip run=/fslarge/scratch/users/h61084/codes/evaluating_tsfms/outputs/foundation_models/tasks/chronos2/multivariate/SG_Weather/D/short/run_1 source_launch=selena_20260915T093434Z_46580 launch_id=selena_20260915T140649Z_45401 slurm_job_id=3435865 launched_at=2026-09-15T14:09:07.426200+00:00
  Reused completed task: /fslarge/scratch/users/h61084/codes/evaluating_tsfms/outputs/foundation_models/tasks/chronos2/multivariate/SG_Weather/D/short/run_1

--- Term: medium ---
  Config: prediction_length=7, test_length=366, val_length=366
TIME run allocation action=skip run=/fslarge/scratch/users/h61084/codes/evaluating_tsfms/outputs/foundation_models/tasks/chronos2/multivariate/SG_Weather/D/medium/run_1 source_launch=selena_20260915T093434Z_46580 launch_id=selena_20260915T140649Z_45401 slurm_job_id=3435865 launched_at=2026-09-15T14:09:07.442371+00:00
  Reused completed task: /fslarge/scratch/users/h61084/codes/evaluating_tsfms/outputs/foundation_models/tasks/chronos2/multivariate/SG_Weather/D/medium/run_1

--- Term: long ---
  Config: prediction_length=14, test_length=366, val_length=366
TIME run allocation action=skip run=/fslarge/scratch/users/h61084/codes/evaluating_tsfms/outputs/foundation_models/tasks/chronos2/multivariate/SG_Weather/D/long/run_1 source_launch=selena_20260915T093434Z_46580 launch_id=selena_20260915T140649Z_45401 slurm_job_id=3435865 launched_at=2026-09-15T14:09:07.458317+00:00
  Reused completed task: /fslarge/scratch/users/h61084/codes/evaluating_tsfms/outputs/foundation_models/tasks/chronos2/multivariate/SG_Weather/D/long/run_1

============================================================
All experiments completed!
Results saved to: /scratch/users/h61084/codes/evaluating_tsfms/outputs/foundation_models/tasks
============================================================

############################################################
# All 1 dataset(s) completed!
############################################################

############################################################
# Dataset 1/1: SG_PM25/H
############################################################
Loading configuration...

============================================================
Dataset: SG_PM25/H
Model: amazon/chronos-2
Checkpoint: /fslarge/scratch/users/h61084/weights/chronos2
Terms: ['short', 'medium', 'long']
Covariate mode: none
============================================================

--- Term: short ---
  Config: prediction_length=24, test_length=2208, val_length=2160
TIME run allocation action=skip run=/fslarge/scratch/users/h61084/codes/evaluating_tsfms/outputs/foundation_models/tasks/chronos2/multivariate/SG_PM25/H/short/run_1 source_launch=selena_20260915T093434Z_46580 launch_id=selena_20260915T140649Z_45401 slurm_job_id=3435865 launched_at=2026-09-15T14:09:15.923510+00:00
  Reused completed task: /fslarge/scratch/users/h61084/codes/evaluating_tsfms/outputs/foundation_models/tasks/chronos2/multivariate/SG_PM25/H/short/run_1

--- Term: medium ---
  Config: prediction_length=72, test_length=2208, val_length=2160
TIME run allocation action=skip run=/fslarge/scratch/users/h61084/codes/evaluating_tsfms/outputs/foundation_models/tasks/chronos2/multivariate/SG_PM25/H/medium/run_1 source_launch=selena_20260915T093434Z_46580 launch_id=selena_20260915T140649Z_45401 slurm_job_id=3435865 launched_at=2026-09-15T14:09:15.959354+00:00
  Reused completed task: /fslarge/scratch/users/h61084/codes/evaluating_tsfms/outputs/foundation_models/tasks/chronos2/multivariate/SG_PM25/H/medium/run_1

--- Term: long ---
  Config: prediction_length=168, test_length=2208, val_length=2160
TIME run allocation action=skip run=/fslarge/scratch/users/h61084/codes/evaluating_tsfms/outputs/foundation_models/tasks/chronos2/multivariate/SG_PM25/H/long/run_1 source_launch=selena_20260915T093434Z_46580 launch_id=selena_20260915T140649Z_45401 slurm_job_id=3435865 launched_at=2026-09-15T14:09:15.994524+00:00
  Reused completed task: /fslarge/scratch/users/h61084/codes/evaluating_tsfms/outputs/foundation_models/tasks/chronos2/multivariate/SG_PM25/H/long/run_1

============================================================
All experiments completed!
Results saved to: /scratch/users/h61084/codes/evaluating_tsfms/outputs/foundation_models/tasks
============================================================

############################################################
# All 1 dataset(s) completed!
############################################################

############################################################
# Dataset 1/1: NE_China_Wind/H
############################################################
Loading configuration...

============================================================
Dataset: NE_China_Wind/H
Model: amazon/chronos-2
Checkpoint: /fslarge/scratch/users/h61084/weights/chronos2
Terms: ['short', 'medium', 'long']
Covariate mode: none
============================================================

--- Term: short ---
  Config: prediction_length=24, test_length=720, val_length=720
TIME run allocation action=skip run=/fslarge/scratch/users/h61084/codes/evaluating_tsfms/outputs/foundation_models/tasks/chronos2/multivariate/NE_China_Wind/H/short/run_1 source_launch=selena_20260915T093434Z_46580 launch_id=selena_20260915T140649Z_45401 slurm_job_id=3435865 launched_at=2026-09-15T14:09:24.458298+00:00
  Reused completed task: /fslarge/scratch/users/h61084/codes/evaluating_tsfms/outputs/foundation_models/tasks/chronos2/multivariate/NE_China_Wind/H/short/run_1

--- Term: medium ---
  Config: prediction_length=72, test_length=720, val_length=720
TIME run allocation action=skip run=/fslarge/scratch/users/h61084/codes/evaluating_tsfms/outputs/foundation_models/tasks/chronos2/multivariate/NE_China_Wind/H/medium/run_1 source_launch=selena_20260915T093434Z_46580 launch_id=selena_20260915T140649Z_45401 slurm_job_id=3435865 launched_at=2026-09-15T14:09:24.475258+00:00
  Reused completed task: /fslarge/scratch/users/h61084/codes/evaluating_tsfms/outputs/foundation_models/tasks/chronos2/multivariate/NE_China_Wind/H/medium/run_1

--- Term: long ---
  Config: prediction_length=168, test_length=720, val_length=720
TIME run allocation action=skip run=/fslarge/scratch/users/h61084/codes/evaluating_tsfms/outputs/foundation_models/tasks/chronos2/multivariate/NE_China_Wind/H/long/run_1 source_launch=selena_20260915T093434Z_46580 launch_id=selena_20260915T140649Z_45401 slurm_job_id=3435865 launched_at=2026-09-15T14:09:24.491804+00:00
  Reused completed task: /fslarge/scratch/users/h61084/codes/evaluating_tsfms/outputs/foundation_models/tasks/chronos2/multivariate/NE_China_Wind/H/long/run_1

============================================================
All experiments completed!
Results saved to: /scratch/users/h61084/codes/evaluating_tsfms/outputs/foundation_models/tasks
============================================================

############################################################
# All 1 dataset(s) completed!
############################################################

############################################################
# Dataset 1/1: Australia_Solar/H
############################################################
Loading configuration...

============================================================
Dataset: Australia_Solar/H
Model: amazon/chronos-2
Checkpoint: /fslarge/scratch/users/h61084/weights/chronos2
Terms: ['short', 'medium', 'long']
Covariate mode: none
============================================================

--- Term: short ---
  Config: prediction_length=24, test_length=2520, val_length=2520
TIME run allocation action=skip run=/fslarge/scratch/users/h61084/codes/evaluating_tsfms/outputs/foundation_models/tasks/chronos2/multivariate/Australia_Solar/H/short/run_1 source_launch=selena_20260915T093434Z_46580 launch_id=selena_20260915T140649Z_45401 slurm_job_id=3435865 launched_at=2026-09-15T14:09:32.964441+00:00
  Reused completed task: /fslarge/scratch/users/h61084/codes/evaluating_tsfms/outputs/foundation_models/tasks/chronos2/multivariate/Australia_Solar/H/short/run_1

--- Term: medium ---
  Config: prediction_length=72, test_length=2520, val_length=2520
TIME run allocation action=skip run=/fslarge/scratch/users/h61084/codes/evaluating_tsfms/outputs/foundation_models/tasks/chronos2/multivariate/Australia_Solar/H/medium/run_1 source_launch=selena_20260915T093434Z_46580 launch_id=selena_20260915T140649Z_45401 slurm_job_id=3435865 launched_at=2026-09-15T14:09:32.989640+00:00
  Reused completed task: /fslarge/scratch/users/h61084/codes/evaluating_tsfms/outputs/foundation_models/tasks/chronos2/multivariate/Australia_Solar/H/medium/run_1

--- Term: long ---
  Config: prediction_length=168, test_length=2520, val_length=2520
TIME run allocation action=skip run=/fslarge/scratch/users/h61084/codes/evaluating_tsfms/outputs/foundation_models/tasks/chronos2/multivariate/Australia_Solar/H/long/run_1 source_launch=selena_20260915T093434Z_46580 launch_id=selena_20260915T140649Z_45401 slurm_job_id=3435865 launched_at=2026-09-15T14:09:33.013847+00:00
  Reused completed task: /fslarge/scratch/users/h61084/codes/evaluating_tsfms/outputs/foundation_models/tasks/chronos2/multivariate/Australia_Solar/H/long/run_1

============================================================
All experiments completed!
Results saved to: /scratch/users/h61084/codes/evaluating_tsfms/outputs/foundation_models/tasks
============================================================

############################################################
# All 1 dataset(s) completed!
############################################################

############################################################
# Dataset 1/1: epf_electricity_price/H
############################################################
Loading configuration...

============================================================
Dataset: epf_electricity_price/H
Model: amazon/chronos-2
Checkpoint: /fslarge/scratch/users/h61084/weights/chronos2
Terms: ['short', 'medium', 'long']
Covariate mode: none
============================================================

--- Term: short ---
  Config: prediction_length=24, test_length=2520, val_length=2520
TIME run allocation action=skip run=/fslarge/scratch/users/h61084/codes/evaluating_tsfms/outputs/foundation_models/tasks/chronos2/univariate/epf_electricity_price/H/short/run_1 source_launch=selena_20260915T093434Z_46580 launch_id=selena_20260915T140649Z_45401 slurm_job_id=3435865 launched_at=2026-09-15T14:09:41.508734+00:00
  Reused completed task: /fslarge/scratch/users/h61084/codes/evaluating_tsfms/outputs/foundation_models/tasks/chronos2/univariate/epf_electricity_price/H/short/run_1

--- Term: medium ---
  Config: prediction_length=72, test_length=2520, val_length=2520
TIME run allocation action=skip run=/fslarge/scratch/users/h61084/codes/evaluating_tsfms/outputs/foundation_models/tasks/chronos2/univariate/epf_electricity_price/H/medium/run_1 source_launch=selena_20260915T093434Z_46580 launch_id=selena_20260915T140649Z_45401 slurm_job_id=3435865 launched_at=2026-09-15T14:09:41.527733+00:00
  Reused completed task: /fslarge/scratch/users/h61084/codes/evaluating_tsfms/outputs/foundation_models/tasks/chronos2/univariate/epf_electricity_price/H/medium/run_1

--- Term: long ---
  Config: prediction_length=168, test_length=2520, val_length=2520
TIME run allocation action=skip run=/fslarge/scratch/users/h61084/codes/evaluating_tsfms/outputs/foundation_models/tasks/chronos2/univariate/epf_electricity_price/H/long/run_1 source_launch=selena_20260915T093434Z_46580 launch_id=selena_20260915T140649Z_45401 slurm_job_id=3435865 launched_at=2026-09-15T14:09:41.546123+00:00
  Reused completed task: /fslarge/scratch/users/h61084/codes/evaluating_tsfms/outputs/foundation_models/tasks/chronos2/univariate/epf_electricity_price/H/long/run_1

============================================================
All experiments completed!
Results saved to: /scratch/users/h61084/codes/evaluating_tsfms/outputs/foundation_models/tasks
============================================================

############################################################
# All 1 dataset(s) completed!
############################################################

############################################################
# Dataset 1/1: OpenElectricity_NEM/5T
############################################################
Loading configuration...

============================================================
Dataset: OpenElectricity_NEM/5T
Model: amazon/chronos-2
Checkpoint: /fslarge/scratch/users/h61084/weights/chronos2
Terms: ['short', 'medium', 'long']
Covariate mode: none
============================================================

--- Term: short ---
  Config: prediction_length=24, test_length=4032, val_length=4032
TIME run allocation action=skip run=/fslarge/scratch/users/h61084/codes/evaluating_tsfms/outputs/foundation_models/tasks/chronos2/multivariate/OpenElectricity_NEM/5T/short/run_1 source_launch=selena_20260915T093434Z_46580 launch_id=selena_20260915T140649Z_45401 slurm_job_id=3435865 launched_at=2026-09-15T14:09:50.056892+00:00
  Reused completed task: /fslarge/scratch/users/h61084/codes/evaluating_tsfms/outputs/foundation_models/tasks/chronos2/multivariate/OpenElectricity_NEM/5T/short/run_1

--- Term: medium ---
  Config: prediction_length=96, test_length=4032, val_length=4032
TIME run allocation action=skip run=/fslarge/scratch/users/h61084/codes/evaluating_tsfms/outputs/foundation_models/tasks/chronos2/multivariate/OpenElectricity_NEM/5T/medium/run_1 source_launch=selena_20260915T093434Z_46580 launch_id=selena_20260915T140649Z_45401 slurm_job_id=3435865 launched_at=2026-09-15T14:09:50.126629+00:00
  Reused completed task: /fslarge/scratch/users/h61084/codes/evaluating_tsfms/outputs/foundation_models/tasks/chronos2/multivariate/OpenElectricity_NEM/5T/medium/run_1

--- Term: long ---
  Config: prediction_length=288, test_length=4032, val_length=4032
TIME run allocation action=skip run=/fslarge/scratch/users/h61084/codes/evaluating_tsfms/outputs/foundation_models/tasks/chronos2/multivariate/OpenElectricity_NEM/5T/long/run_1 source_launch=selena_20260915T093434Z_46580 launch_id=selena_20260915T140649Z_45401 slurm_job_id=3435865 launched_at=2026-09-15T14:09:50.195206+00:00
  Reused completed task: /fslarge/scratch/users/h61084/codes/evaluating_tsfms/outputs/foundation_models/tasks/chronos2/multivariate/OpenElectricity_NEM/5T/long/run_1

============================================================
All experiments completed!
Results saved to: /scratch/users/h61084/codes/evaluating_tsfms/outputs/foundation_models/tasks
============================================================

############################################################
# All 1 dataset(s) completed!
############################################################

############################################################
# Dataset 1/1: EWELD_Load/15T
############################################################
Loading configuration...

============================================================
Dataset: EWELD_Load/15T
Model: amazon/chronos-2
Checkpoint: /fslarge/scratch/users/h61084/weights/chronos2
Terms: ['short', 'medium', 'long']
Covariate mode: none
============================================================

--- Term: short ---
  Config: prediction_length=24, test_length=1344, val_length=1344
TIME run allocation action=skip run=/fslarge/scratch/users/h61084/codes/evaluating_tsfms/outputs/foundation_models/tasks/chronos2/multivariate/EWELD_Load/15T/short/run_1 source_launch=selena_20260915T093434Z_46580 launch_id=selena_20260915T140649Z_45401 slurm_job_id=3435865 launched_at=2026-09-15T14:09:58.693736+00:00
  Reused completed task: /fslarge/scratch/users/h61084/codes/evaluating_tsfms/outputs/foundation_models/tasks/chronos2/multivariate/EWELD_Load/15T/short/run_1

--- Term: medium ---
  Config: prediction_length=96, test_length=1344, val_length=1344
TIME run allocation action=skip run=/fslarge/scratch/users/h61084/codes/evaluating_tsfms/outputs/foundation_models/tasks/chronos2/multivariate/EWELD_Load/15T/medium/run_1 source_launch=selena_20260915T093434Z_46580 launch_id=selena_20260915T140649Z_45401 slurm_job_id=3435865 launched_at=2026-09-15T14:09:58.732943+00:00
  Reused completed task: /fslarge/scratch/users/h61084/codes/evaluating_tsfms/outputs/foundation_models/tasks/chronos2/multivariate/EWELD_Load/15T/medium/run_1

--- Term: long ---
  Config: prediction_length=672, test_length=1344, val_length=1344
TIME run allocation action=skip run=/fslarge/scratch/users/h61084/codes/evaluating_tsfms/outputs/foundation_models/tasks/chronos2/multivariate/EWELD_Load/15T/long/run_1 source_launch=selena_20260915T093434Z_46580 launch_id=selena_20260915T140649Z_45401 slurm_job_id=3435865 launched_at=2026-09-15T14:09:58.771655+00:00
  Reused completed task: /fslarge/scratch/users/h61084/codes/evaluating_tsfms/outputs/foundation_models/tasks/chronos2/multivariate/EWELD_Load/15T/long/run_1

============================================================
All experiments completed!
Results saved to: /scratch/users/h61084/codes/evaluating_tsfms/outputs/foundation_models/tasks
============================================================

############################################################
# All 1 dataset(s) completed!
############################################################

############################################################
# Dataset 1/1: SG_Carpark/15T
############################################################
Loading configuration...

============================================================
Dataset: SG_Carpark/15T
Model: amazon/chronos-2
Checkpoint: /fslarge/scratch/users/h61084/weights/chronos2
Terms: ['short', 'medium', 'long']
Covariate mode: none
============================================================

--- Term: short ---
  Config: prediction_length=16, test_length=672, val_length=672
TIME run allocation action=skip run=/fslarge/scratch/users/h61084/codes/evaluating_tsfms/outputs/foundation_models/tasks/chronos2/univariate/SG_Carpark/15T/short/run_1 source_launch=selena_20260915T093434Z_46580 launch_id=selena_20260915T140649Z_45401 slurm_job_id=3435865 launched_at=2026-09-15T14:10:07.180198+00:00
  Reused completed task: /fslarge/scratch/users/h61084/codes/evaluating_tsfms/outputs/foundation_models/tasks/chronos2/univariate/SG_Carpark/15T/short/run_1

--- Term: medium ---
  Config: prediction_length=96, test_length=672, val_length=672
TIME run allocation action=skip run=/fslarge/scratch/users/h61084/codes/evaluating_tsfms/outputs/foundation_models/tasks/chronos2/univariate/SG_Carpark/15T/medium/run_1 source_launch=selena_20260915T093434Z_46580 launch_id=selena_20260915T140649Z_45401 slurm_job_id=3435865 launched_at=2026-09-15T14:10:07.202981+00:00
  Reused completed task: /fslarge/scratch/users/h61084/codes/evaluating_tsfms/outputs/foundation_models/tasks/chronos2/univariate/SG_Carpark/15T/medium/run_1

--- Term: long ---
  Config: prediction_length=672, test_length=672, val_length=672
TIME run allocation action=skip run=/fslarge/scratch/users/h61084/codes/evaluating_tsfms/outputs/foundation_models/tasks/chronos2/univariate/SG_Carpark/15T/long/run_1 source_launch=selena_20260915T093434Z_46580 launch_id=selena_20260915T140649Z_45401 slurm_job_id=3435865 launched_at=2026-09-15T14:10:07.221780+00:00
  Reused completed task: /fslarge/scratch/users/h61084/codes/evaluating_tsfms/outputs/foundation_models/tasks/chronos2/univariate/SG_Carpark/15T/long/run_1

============================================================
All experiments completed!
Results saved to: /scratch/users/h61084/codes/evaluating_tsfms/outputs/foundation_models/tasks
============================================================

############################################################
# All 1 dataset(s) completed!
############################################################

############################################################
# Dataset 1/1: Finland_Traffic/15T
############################################################
Loading configuration...

============================================================
Dataset: Finland_Traffic/15T
Model: amazon/chronos-2
Checkpoint: /fslarge/scratch/users/h61084/weights/chronos2
Terms: ['short', 'medium', 'long']
Covariate mode: none
============================================================

--- Term: short ---
  Config: prediction_length=16, test_length=2976, val_length=2880
TIME run allocation action=skip run=/fslarge/scratch/users/h61084/codes/evaluating_tsfms/outputs/foundation_models/tasks/chronos2/univariate/Finland_Traffic/15T/short/run_1 source_launch=selena_20260915T093434Z_46580 launch_id=selena_20260915T140649Z_45401 slurm_job_id=3435865 launched_at=2026-09-15T14:10:15.659520+00:00
  Reused completed task: /fslarge/scratch/users/h61084/codes/evaluating_tsfms/outputs/foundation_models/tasks/chronos2/univariate/Finland_Traffic/15T/short/run_1

--- Term: medium ---
  Config: prediction_length=96, test_length=2976, val_length=2880
TIME run allocation action=skip run=/fslarge/scratch/users/h61084/codes/evaluating_tsfms/outputs/foundation_models/tasks/chronos2/univariate/Finland_Traffic/15T/medium/run_1 source_launch=selena_20260915T093434Z_46580 launch_id=selena_20260915T140649Z_45401 slurm_job_id=3435865 launched_at=2026-09-15T14:10:15.676489+00:00
  Reused completed task: /fslarge/scratch/users/h61084/codes/evaluating_tsfms/outputs/foundation_models/tasks/chronos2/univariate/Finland_Traffic/15T/medium/run_1

--- Term: long ---
  Config: prediction_length=672, test_length=2976, val_length=2880
TIME run allocation action=skip run=/fslarge/scratch/users/h61084/codes/evaluating_tsfms/outputs/foundation_models/tasks/chronos2/univariate/Finland_Traffic/15T/long/run_1 source_launch=selena_20260915T093434Z_46580 launch_id=selena_20260915T140649Z_45401 slurm_job_id=3435865 launched_at=2026-09-15T14:10:15.694329+00:00
  Reused completed task: /fslarge/scratch/users/h61084/codes/evaluating_tsfms/outputs/foundation_models/tasks/chronos2/univariate/Finland_Traffic/15T/long/run_1

============================================================
All experiments completed!
Results saved to: /scratch/users/h61084/codes/evaluating_tsfms/outputs/foundation_models/tasks
============================================================

############################################################
# All 1 dataset(s) completed!
############################################################

############################################################
# Dataset 1/1: Port_Activity/D
############################################################
Loading configuration...

============================================================
Dataset: Port_Activity/D
Model: amazon/chronos-2
Checkpoint: /fslarge/scratch/users/h61084/weights/chronos2
Terms: ['short']
Covariate mode: none
============================================================

--- Term: short ---
  Config: prediction_length=30, test_length=365, val_length=90
TIME run allocation action=skip run=/fslarge/scratch/users/h61084/codes/evaluating_tsfms/outputs/foundation_models/tasks/chronos2/multivariate/Port_Activity/D/short/run_1 source_launch=selena_20260915T093434Z_46580 launch_id=selena_20260915T140649Z_45401 slurm_job_id=3435865 launched_at=2026-09-15T14:10:24.146740+00:00
  Reused completed task: /fslarge/scratch/users/h61084/codes/evaluating_tsfms/outputs/foundation_models/tasks/chronos2/multivariate/Port_Activity/D/short/run_1

============================================================
All experiments completed!
Results saved to: /scratch/users/h61084/codes/evaluating_tsfms/outputs/foundation_models/tasks
============================================================

############################################################
# All 1 dataset(s) completed!
############################################################

############################################################
# Dataset 1/1: Port_Activity/W
############################################################
Loading configuration...

============================================================
Dataset: Port_Activity/W
Model: amazon/chronos-2
Checkpoint: /fslarge/scratch/users/h61084/weights/chronos2
Terms: ['short']
Covariate mode: none
============================================================

--- Term: short ---
  Config: prediction_length=13, test_length=52, val_length=13
TIME run allocation action=skip run=/fslarge/scratch/users/h61084/codes/evaluating_tsfms/outputs/foundation_models/tasks/chronos2/multivariate/Port_Activity/W/short/run_1 source_launch=selena_20260915T093434Z_46580 launch_id=selena_20260915T140649Z_45401 slurm_job_id=3435865 launched_at=2026-09-15T14:10:32.579888+00:00
  Reused completed task: /fslarge/scratch/users/h61084/codes/evaluating_tsfms/outputs/foundation_models/tasks/chronos2/multivariate/Port_Activity/W/short/run_1

============================================================
All experiments completed!
Results saved to: /scratch/users/h61084/codes/evaluating_tsfms/outputs/foundation_models/tasks
============================================================

############################################################
# All 1 dataset(s) completed!
############################################################

############################################################
# Dataset 1/1: ECDC_COVID/D
############################################################
Loading configuration...

============================================================
Dataset: ECDC_COVID/D
Model: amazon/chronos-2
Checkpoint: /fslarge/scratch/users/h61084/weights/chronos2
Terms: ['short']
Covariate mode: none
============================================================

--- Term: short ---
  Config: prediction_length=30, test_length=150, val_length=30
TIME run allocation action=skip run=/fslarge/scratch/users/h61084/codes/evaluating_tsfms/outputs/foundation_models/tasks/chronos2/univariate/ECDC_COVID/D/short/run_1 source_launch=selena_20260915T093434Z_46580 launch_id=selena_20260915T140649Z_45401 slurm_job_id=3435865 launched_at=2026-09-15T14:10:41.013648+00:00
  Reused completed task: /fslarge/scratch/users/h61084/codes/evaluating_tsfms/outputs/foundation_models/tasks/chronos2/univariate/ECDC_COVID/D/short/run_1

============================================================
All experiments completed!
Results saved to: /scratch/users/h61084/codes/evaluating_tsfms/outputs/foundation_models/tasks
============================================================

############################################################
# All 1 dataset(s) completed!
############################################################

############################################################
# Dataset 1/1: ECDC_COVID/W
############################################################
Loading configuration...

============================================================
Dataset: ECDC_COVID/W
Model: amazon/chronos-2
Checkpoint: /fslarge/scratch/users/h61084/weights/chronos2
Terms: ['short']
Covariate mode: none
============================================================

--- Term: short ---
  Config: prediction_length=13, test_length=52, val_length=13
TIME run allocation action=skip run=/fslarge/scratch/users/h61084/codes/evaluating_tsfms/outputs/foundation_models/tasks/chronos2/univariate/ECDC_COVID/W/short/run_1 source_launch=selena_20260915T093434Z_46580 launch_id=selena_20260915T140649Z_45401 slurm_job_id=3435865 launched_at=2026-09-15T14:10:49.411031+00:00
  Reused completed task: /fslarge/scratch/users/h61084/codes/evaluating_tsfms/outputs/foundation_models/tasks/chronos2/univariate/ECDC_COVID/W/short/run_1

============================================================
All experiments completed!
Results saved to: /scratch/users/h61084/codes/evaluating_tsfms/outputs/foundation_models/tasks
============================================================

############################################################
# All 1 dataset(s) completed!
############################################################

############################################################
# Dataset 1/1: Global_Influenza/W
############################################################
Loading configuration...

============================================================
Dataset: Global_Influenza/W
Model: amazon/chronos-2
Checkpoint: /fslarge/scratch/users/h61084/weights/chronos2
Terms: ['short']
Covariate mode: none
============================================================

--- Term: short ---
  Config: prediction_length=13, test_length=52, val_length=13
TIME run allocation action=skip run=/fslarge/scratch/users/h61084/codes/evaluating_tsfms/outputs/foundation_models/tasks/chronos2/multivariate/Global_Influenza/W/short/run_1 source_launch=selena_20260915T093434Z_46580 launch_id=selena_20260915T140649Z_45401 slurm_job_id=3435865 launched_at=2026-09-15T14:10:57.835014+00:00
  Reused completed task: /fslarge/scratch/users/h61084/codes/evaluating_tsfms/outputs/foundation_models/tasks/chronos2/multivariate/Global_Influenza/W/short/run_1

============================================================
All experiments completed!
Results saved to: /scratch/users/h61084/codes/evaluating_tsfms/outputs/foundation_models/tasks
============================================================

############################################################
# All 1 dataset(s) completed!
############################################################

############################################################
# Dataset 1/1: Crypto/D
############################################################
Loading configuration...

============================================================
Dataset: Crypto/D
Model: amazon/chronos-2
Checkpoint: /fslarge/scratch/users/h61084/weights/chronos2
Terms: ['short']
Covariate mode: none
============================================================

--- Term: short ---
  Config: prediction_length=30, test_length=273, val_length=92
TIME run allocation action=skip run=/fslarge/scratch/users/h61084/codes/evaluating_tsfms/outputs/foundation_models/tasks/chronos2/multivariate/Crypto/D/short/run_1 source_launch=selena_20260915T093434Z_46580 launch_id=selena_20260915T140649Z_45401 slurm_job_id=3435865 launched_at=2026-09-15T14:11:06.278465+00:00
  Reused completed task: /fslarge/scratch/users/h61084/codes/evaluating_tsfms/outputs/foundation_models/tasks/chronos2/multivariate/Crypto/D/short/run_1

============================================================
All experiments completed!
Results saved to: /scratch/users/h61084/codes/evaluating_tsfms/outputs/foundation_models/tasks
============================================================

############################################################
# All 1 dataset(s) completed!
############################################################

############################################################
# Dataset 1/1: US_Term_Structure/B
############################################################
Loading configuration...

============================================================
Dataset: US_Term_Structure/B
Model: amazon/chronos-2
Checkpoint: /fslarge/scratch/users/h61084/weights/chronos2
Terms: ['short']
Covariate mode: none
============================================================

--- Term: short ---
  Config: prediction_length=20, test_length=717, val_length=100
TIME run allocation action=skip run=/fslarge/scratch/users/h61084/codes/evaluating_tsfms/outputs/foundation_models/tasks/chronos2/multivariate/US_Term_Structure/B/short/run_1 source_launch=selena_20260915T093434Z_46580 launch_id=selena_20260915T140649Z_45401 slurm_job_id=3435865 launched_at=2026-09-15T14:11:14.749320+00:00
  Reused completed task: /fslarge/scratch/users/h61084/codes/evaluating_tsfms/outputs/foundation_models/tasks/chronos2/multivariate/US_Term_Structure/B/short/run_1

============================================================
All experiments completed!
Results saved to: /scratch/users/h61084/codes/evaluating_tsfms/outputs/foundation_models/tasks
============================================================

############################################################
# All 1 dataset(s) completed!
############################################################

############################################################
# Dataset 1/1: Oil_Price/B
############################################################
Loading configuration...

============================================================
Dataset: Oil_Price/B
Model: amazon/chronos-2
Checkpoint: /fslarge/scratch/users/h61084/weights/chronos2
Terms: ['short']
Covariate mode: none
============================================================

--- Term: short ---
  Config: prediction_length=20, test_length=717, val_length=100
TIME run allocation action=skip run=/fslarge/scratch/users/h61084/codes/evaluating_tsfms/outputs/foundation_models/tasks/chronos2/multivariate/Oil_Price/B/short/run_1 source_launch=selena_20260915T093434Z_46580 launch_id=selena_20260915T140649Z_45401 slurm_job_id=3435865 launched_at=2026-09-15T14:11:23.180882+00:00
  Reused completed task: /fslarge/scratch/users/h61084/codes/evaluating_tsfms/outputs/foundation_models/tasks/chronos2/multivariate/Oil_Price/B/short/run_1

============================================================
All experiments completed!
Results saved to: /scratch/users/h61084/codes/evaluating_tsfms/outputs/foundation_models/tasks
============================================================

############################################################
# All 1 dataset(s) completed!
############################################################

############################################################
# Dataset 1/1: Job_Claims/W
############################################################
Loading configuration...

============================================================
Dataset: Job_Claims/W
Model: amazon/chronos-2
Checkpoint: /fslarge/scratch/users/h61084/weights/chronos2
Terms: ['short']
Covariate mode: none
============================================================

--- Term: short ---
  Config: prediction_length=13, test_length=52, val_length=13
TIME run allocation action=skip run=/fslarge/scratch/users/h61084/codes/evaluating_tsfms/outputs/foundation_models/tasks/chronos2/multivariate/Job_Claims/W/short/run_1 source_launch=selena_20260915T093434Z_46580 launch_id=selena_20260915T140649Z_45401 slurm_job_id=3435865 launched_at=2026-09-15T14:11:31.598708+00:00
  Reused completed task: /fslarge/scratch/users/h61084/codes/evaluating_tsfms/outputs/foundation_models/tasks/chronos2/multivariate/Job_Claims/W/short/run_1

============================================================
All experiments completed!
Results saved to: /scratch/users/h61084/codes/evaluating_tsfms/outputs/foundation_models/tasks
============================================================

############################################################
# All 1 dataset(s) completed!
############################################################

############################################################
# Dataset 1/1: Uncertainty_1M/M
############################################################
Loading configuration...

============================================================
Dataset: Uncertainty_1M/M
Model: amazon/chronos-2
Checkpoint: /fslarge/scratch/users/h61084/weights/chronos2
Terms: ['short']
Covariate mode: none
============================================================

--- Term: short ---
  Config: prediction_length=6, test_length=42, val_length=18
TIME run allocation action=skip run=/fslarge/scratch/users/h61084/codes/evaluating_tsfms/outputs/foundation_models/tasks/chronos2/multivariate/Uncertainty_1M/M/short/run_1 source_launch=selena_20260915T093434Z_46580 launch_id=selena_20260915T140649Z_45401 slurm_job_id=3435865 launched_at=2026-09-15T14:11:40.019670+00:00
  Reused completed task: /fslarge/scratch/users/h61084/codes/evaluating_tsfms/outputs/foundation_models/tasks/chronos2/multivariate/Uncertainty_1M/M/short/run_1

============================================================
All experiments completed!
Results saved to: /scratch/users/h61084/codes/evaluating_tsfms/outputs/foundation_models/tasks
============================================================

############################################################
# All 1 dataset(s) completed!
############################################################

############################################################
# Dataset 1/1: Housing_Inventory/M
############################################################
Loading configuration...

============================================================
Dataset: Housing_Inventory/M
Model: amazon/chronos-2
Checkpoint: /fslarge/scratch/users/h61084/weights/chronos2
Terms: ['short']
Covariate mode: none
============================================================

--- Term: short ---
  Config: prediction_length=12, test_length=36, val_length=12
TIME run allocation action=skip run=/fslarge/scratch/users/h61084/codes/evaluating_tsfms/outputs/foundation_models/tasks/chronos2/multivariate/Housing_Inventory/M/short/run_1 source_launch=selena_20260915T093434Z_46580 launch_id=selena_20260915T140649Z_45401 slurm_job_id=3435865 launched_at=2026-09-15T14:11:48.413334+00:00
  Reused completed task: /fslarge/scratch/users/h61084/codes/evaluating_tsfms/outputs/foundation_models/tasks/chronos2/multivariate/Housing_Inventory/M/short/run_1

============================================================
All experiments completed!
Results saved to: /scratch/users/h61084/codes/evaluating_tsfms/outputs/foundation_models/tasks
============================================================

############################################################
# All 1 dataset(s) completed!
############################################################

############################################################
# Dataset 1/1: JOLTS/M
############################################################
Loading configuration...

============================================================
Dataset: JOLTS/M
Model: amazon/chronos-2
Checkpoint: /fslarge/scratch/users/h61084/weights/chronos2
Terms: ['short']
Covariate mode: none
============================================================

--- Term: short ---
  Config: prediction_length=12, test_length=60, val_length=12
TIME run allocation action=skip run=/fslarge/scratch/users/h61084/codes/evaluating_tsfms/outputs/foundation_models/tasks/chronos2/multivariate/JOLTS/M/short/run_1 source_launch=selena_20260915T093434Z_46580 launch_id=selena_20260915T140649Z_45401 slurm_job_id=3435865 launched_at=2026-09-15T14:11:56.819976+00:00
  Reused completed task: /fslarge/scratch/users/h61084/codes/evaluating_tsfms/outputs/foundation_models/tasks/chronos2/multivariate/JOLTS/M/short/run_1

============================================================
All experiments completed!
Results saved to: /scratch/users/h61084/codes/evaluating_tsfms/outputs/foundation_models/tasks
============================================================

############################################################
# All 1 dataset(s) completed!
############################################################

############################################################
# Dataset 1/1: US_Labor/M
############################################################
Loading configuration...

============================================================
Dataset: US_Labor/M
Model: amazon/chronos-2
Checkpoint: /fslarge/scratch/users/h61084/weights/chronos2
Terms: ['short']
Covariate mode: none
============================================================

--- Term: short ---
  Config: prediction_length=12, test_length=60, val_length=12
TIME run allocation action=skip run=/fslarge/scratch/users/h61084/codes/evaluating_tsfms/outputs/foundation_models/tasks/chronos2/multivariate/US_Labor/M/short/run_1 source_launch=selena_20260915T093434Z_46580 launch_id=selena_20260915T140649Z_45401 slurm_job_id=3435865 launched_at=2026-09-15T14:12:05.220007+00:00
  Reused completed task: /fslarge/scratch/users/h61084/codes/evaluating_tsfms/outputs/foundation_models/tasks/chronos2/multivariate/US_Labor/M/short/run_1

============================================================
All experiments completed!
Results saved to: /scratch/users/h61084/codes/evaluating_tsfms/outputs/foundation_models/tasks
============================================================

############################################################
# All 1 dataset(s) completed!
############################################################

############################################################
# Dataset 1/1: Vehicle_Supply/M
############################################################
Loading configuration...

============================================================
Dataset: Vehicle_Supply/M
Model: amazon/chronos-2
Checkpoint: /fslarge/scratch/users/h61084/weights/chronos2
Terms: ['short']
Covariate mode: none
============================================================

--- Term: short ---
  Config: prediction_length=12, test_length=60, val_length=12
TIME run allocation action=skip run=/fslarge/scratch/users/h61084/codes/evaluating_tsfms/outputs/foundation_models/tasks/chronos2/multivariate/Vehicle_Supply/M/short/run_1 source_launch=selena_20260915T093434Z_46580 launch_id=selena_20260915T140649Z_45401 slurm_job_id=3435865 launched_at=2026-09-15T14:12:13.654921+00:00
  Reused completed task: /fslarge/scratch/users/h61084/codes/evaluating_tsfms/outputs/foundation_models/tasks/chronos2/multivariate/Vehicle_Supply/M/short/run_1

============================================================
All experiments completed!
Results saved to: /scratch/users/h61084/codes/evaluating_tsfms/outputs/foundation_models/tasks
============================================================

############################################################
# All 1 dataset(s) completed!
############################################################

############################################################
# Dataset 1/1: Auto_Production_SF/M
############################################################
Loading configuration...

============================================================
Dataset: Auto_Production_SF/M
Model: amazon/chronos-2
Checkpoint: /fslarge/scratch/users/h61084/weights/chronos2
Terms: ['short']
Covariate mode: none
============================================================

--- Term: short ---
  Config: prediction_length=12, test_length=60, val_length=12
TIME run allocation action=skip run=/fslarge/scratch/users/h61084/codes/evaluating_tsfms/outputs/foundation_models/tasks/chronos2/univariate/Auto_Production_SF/M/short/run_1 source_launch=selena_20260915T093434Z_46580 launch_id=selena_20260915T140649Z_45401 slurm_job_id=3435865 launched_at=2026-09-15T14:12:22.100827+00:00
  Reused completed task: /fslarge/scratch/users/h61084/codes/evaluating_tsfms/outputs/foundation_models/tasks/chronos2/univariate/Auto_Production_SF/M/short/run_1

============================================================
All experiments completed!
Results saved to: /scratch/users/h61084/codes/evaluating_tsfms/outputs/foundation_models/tasks
============================================================

############################################################
# All 1 dataset(s) completed!
############################################################

############################################################
# Dataset 1/1: Commodity_Production/M
############################################################
Loading configuration...

============================================================
Dataset: Commodity_Production/M
Model: amazon/chronos-2
Checkpoint: /fslarge/scratch/users/h61084/weights/chronos2
Terms: ['short']
Covariate mode: none
============================================================

--- Term: short ---
  Config: prediction_length=12, test_length=60, val_length=12
TIME run allocation action=skip run=/fslarge/scratch/users/h61084/codes/evaluating_tsfms/outputs/foundation_models/tasks/chronos2/univariate/Commodity_Production/M/short/run_1 source_launch=selena_20260915T093434Z_46580 launch_id=selena_20260915T140649Z_45401 slurm_job_id=3435865 launched_at=2026-09-15T14:12:30.537784+00:00
  Reused completed task: /fslarge/scratch/users/h61084/codes/evaluating_tsfms/outputs/foundation_models/tasks/chronos2/univariate/Commodity_Production/M/short/run_1

============================================================
All experiments completed!
Results saved to: /scratch/users/h61084/codes/evaluating_tsfms/outputs/foundation_models/tasks
============================================================

############################################################
# All 1 dataset(s) completed!
############################################################

############################################################
# Dataset 1/1: Commodity_Import/M
############################################################
Loading configuration...

============================================================
Dataset: Commodity_Import/M
Model: amazon/chronos-2
Checkpoint: /fslarge/scratch/users/h61084/weights/chronos2
Terms: ['short']
Covariate mode: none
============================================================

--- Term: short ---
  Config: prediction_length=12, test_length=60, val_length=12
TIME run allocation action=skip run=/fslarge/scratch/users/h61084/codes/evaluating_tsfms/outputs/foundation_models/tasks/chronos2/univariate/Commodity_Import/M/short/run_1 source_launch=selena_20260915T093434Z_46580 launch_id=selena_20260915T140649Z_45401 slurm_job_id=3435865 launched_at=2026-09-15T14:12:38.934566+00:00
  Reused completed task: /fslarge/scratch/users/h61084/codes/evaluating_tsfms/outputs/foundation_models/tasks/chronos2/univariate/Commodity_Import/M/short/run_1

============================================================
All experiments completed!
Results saved to: /scratch/users/h61084/codes/evaluating_tsfms/outputs/foundation_models/tasks
============================================================

############################################################
# All 1 dataset(s) completed!
############################################################

############################################################
# Dataset 1/1: WUI_Global/Q
############################################################
Loading configuration...

============================================================
Dataset: WUI_Global/Q
Model: amazon/chronos-2
Checkpoint: /fslarge/scratch/users/h61084/weights/chronos2
Terms: ['short']
Covariate mode: none
============================================================

--- Term: short ---
  Config: prediction_length=4, test_length=20, val_length=20
TIME run allocation action=skip run=/fslarge/scratch/users/h61084/codes/evaluating_tsfms/outputs/foundation_models/tasks/chronos2/multivariate/WUI_Global/Q/short/run_1 source_launch=selena_20260915T093434Z_46580 launch_id=selena_20260915T140649Z_45401 slurm_job_id=3435865 launched_at=2026-09-15T14:12:47.349343+00:00
  Reused completed task: /fslarge/scratch/users/h61084/codes/evaluating_tsfms/outputs/foundation_models/tasks/chronos2/multivariate/WUI_Global/Q/short/run_1

============================================================
All experiments completed!
Results saved to: /scratch/users/h61084/codes/evaluating_tsfms/outputs/foundation_models/tasks
============================================================

############################################################
# All 1 dataset(s) completed!
############################################################

############################################################
# Dataset 1/1: Global_Price/Q
############################################################
Loading configuration...

============================================================
Dataset: Global_Price/Q
Model: amazon/chronos-2
Checkpoint: /fslarge/scratch/users/h61084/weights/chronos2
Terms: ['short']
Covariate mode: none
============================================================

--- Term: short ---
  Config: prediction_length=4, test_length=20, val_length=8
TIME run allocation action=skip run=/fslarge/scratch/users/h61084/codes/evaluating_tsfms/outputs/foundation_models/tasks/chronos2/multivariate/Global_Price/Q/short/run_1 source_launch=selena_20260915T093434Z_46580 launch_id=selena_20260915T140649Z_45401 slurm_job_id=3435865 launched_at=2026-09-15T14:12:55.805762+00:00
  Reused completed task: /fslarge/scratch/users/h61084/codes/evaluating_tsfms/outputs/foundation_models/tasks/chronos2/multivariate/Global_Price/Q/short/run_1

============================================================
All experiments completed!
Results saved to: /scratch/users/h61084/codes/evaluating_tsfms/outputs/foundation_models/tasks
============================================================

############################################################
# All 1 dataset(s) completed!
############################################################

############################################################
# Dataset 1/1: Vehicle_Sales/M
############################################################
Loading configuration...

============================================================
Dataset: Vehicle_Sales/M
Model: amazon/chronos-2
Checkpoint: /fslarge/scratch/users/h61084/weights/chronos2
Terms: ['short']
Covariate mode: none
============================================================

--- Term: short ---
  Config: prediction_length=12, test_length=60, val_length=12
TIME run allocation action=skip run=/fslarge/scratch/users/h61084/codes/evaluating_tsfms/outputs/foundation_models/tasks/chronos2/multivariate/Vehicle_Sales/M/short/run_1 source_launch=selena_20260915T093434Z_46580 launch_id=selena_20260915T140649Z_45401 slurm_job_id=3435865 launched_at=2026-09-15T14:13:04.260441+00:00
  Reused completed task: /fslarge/scratch/users/h61084/codes/evaluating_tsfms/outputs/foundation_models/tasks/chronos2/multivariate/Vehicle_Sales/M/short/run_1

============================================================
All experiments completed!
Results saved to: /scratch/users/h61084/codes/evaluating_tsfms/outputs/foundation_models/tasks
============================================================

############################################################
# All 1 dataset(s) completed!
############################################################

############################################################
# Dataset 1/1: Online_Retail_2_UCI/D
############################################################
Loading configuration...

============================================================
Dataset: Online_Retail_2_UCI/D
Model: amazon/chronos-2
Checkpoint: /fslarge/scratch/users/h61084/weights/chronos2
Terms: ['short']
Covariate mode: none
============================================================

--- Term: short ---
  Config: prediction_length=30, test_length=180, val_length=90
TIME run allocation action=skip run=/fslarge/scratch/users/h61084/codes/evaluating_tsfms/outputs/foundation_models/tasks/chronos2/univariate/Online_Retail_2_UCI/D/short/run_1 source_launch=selena_20260915T093434Z_46580 launch_id=selena_20260915T140649Z_45401 slurm_job_id=3435865 launched_at=2026-09-15T14:13:12.863428+00:00
  Reused completed task: /fslarge/scratch/users/h61084/codes/evaluating_tsfms/outputs/foundation_models/tasks/chronos2/univariate/Online_Retail_2_UCI/D/short/run_1

============================================================
All experiments completed!
Results saved to: /scratch/users/h61084/codes/evaluating_tsfms/outputs/foundation_models/tasks
============================================================

############################################################
# All 1 dataset(s) completed!
############################################################

############################################################
# Dataset 1/1: Supply_Chain_Customer/D
############################################################
Loading configuration...

============================================================
Dataset: Supply_Chain_Customer/D
Model: amazon/chronos-2
Checkpoint: /fslarge/scratch/users/h61084/weights/chronos2
Terms: ['short']
Covariate mode: none
============================================================

--- Term: short ---
  Config: prediction_length=30, test_length=365, val_length=90
TIME run allocation action=skip run=/fslarge/scratch/users/h61084/codes/evaluating_tsfms/outputs/foundation_models/tasks/chronos2/multivariate/Supply_Chain_Customer/D/short/run_1 source_launch=selena_20260915T093434Z_46580 launch_id=selena_20260915T140649Z_45401 slurm_job_id=3435865 launched_at=2026-09-15T14:13:21.386609+00:00
  Reused completed task: /fslarge/scratch/users/h61084/codes/evaluating_tsfms/outputs/foundation_models/tasks/chronos2/multivariate/Supply_Chain_Customer/D/short/run_1

============================================================
All experiments completed!
Results saved to: /scratch/users/h61084/codes/evaluating_tsfms/outputs/foundation_models/tasks
============================================================

############################################################
# All 1 dataset(s) completed!
############################################################

############################################################
# Dataset 1/1: Supply_Chain_Location/D
############################################################
Loading configuration...

============================================================
Dataset: Supply_Chain_Location/D
Model: amazon/chronos-2
Checkpoint: /fslarge/scratch/users/h61084/weights/chronos2
Terms: ['short']
Covariate mode: none
============================================================

--- Term: short ---
  Config: prediction_length=30, test_length=365, val_length=90
TIME run allocation action=skip run=/fslarge/scratch/users/h61084/codes/evaluating_tsfms/outputs/foundation_models/tasks/chronos2/multivariate/Supply_Chain_Location/D/short/run_1 source_launch=selena_20260915T093434Z_46580 launch_id=selena_20260915T140649Z_45401 slurm_job_id=3435865 launched_at=2026-09-15T14:13:30.418058+00:00
  Reused completed task: /fslarge/scratch/users/h61084/codes/evaluating_tsfms/outputs/foundation_models/tasks/chronos2/multivariate/Supply_Chain_Location/D/short/run_1

============================================================
All experiments completed!
Results saved to: /scratch/users/h61084/codes/evaluating_tsfms/outputs/foundation_models/tasks
============================================================

############################################################
# All 1 dataset(s) completed!
############################################################

############################################################
# Dataset 1/1: azure2019_D/5T
############################################################
Loading configuration...

============================================================
Dataset: azure2019_D/5T
Model: amazon/chronos-2
Checkpoint: /fslarge/scratch/users/h61084/weights/chronos2
Terms: ['short']
Covariate mode: none
============================================================

--- Term: short ---
  Config: prediction_length=288, test_length=864, val_length=864
TIME run allocation action=skip run=/fslarge/scratch/users/h61084/codes/evaluating_tsfms/outputs/foundation_models/tasks/chronos2/multivariate/azure2019_D/5T/short/run_1 source_launch=selena_20260915T093434Z_46580 launch_id=selena_20260915T140649Z_45401 slurm_job_id=3435865 launched_at=2026-09-15T14:13:38.943897+00:00
  Reused completed task: /fslarge/scratch/users/h61084/codes/evaluating_tsfms/outputs/foundation_models/tasks/chronos2/multivariate/azure2019_D/5T/short/run_1

============================================================
All experiments completed!
Results saved to: /scratch/users/h61084/codes/evaluating_tsfms/outputs/foundation_models/tasks
============================================================

############################################################
# All 1 dataset(s) completed!
############################################################

############################################################
# Dataset 1/1: azure2019_I/5T
############################################################
Loading configuration...

============================================================
Dataset: azure2019_I/5T
Model: amazon/chronos-2
Checkpoint: /fslarge/scratch/users/h61084/weights/chronos2
Terms: ['short']
Covariate mode: none
============================================================

--- Term: short ---
  Config: prediction_length=288, test_length=864, val_length=864
TIME run allocation action=skip run=/fslarge/scratch/users/h61084/codes/evaluating_tsfms/outputs/foundation_models/tasks/chronos2/multivariate/azure2019_I/5T/short/run_1 source_launch=selena_20260915T093434Z_46580 launch_id=selena_20260915T140649Z_45401 slurm_job_id=3435865 launched_at=2026-09-15T14:13:47.623357+00:00
  Reused completed task: /fslarge/scratch/users/h61084/codes/evaluating_tsfms/outputs/foundation_models/tasks/chronos2/multivariate/azure2019_I/5T/short/run_1

============================================================
All experiments completed!
Results saved to: /scratch/users/h61084/codes/evaluating_tsfms/outputs/foundation_models/tasks
============================================================

############################################################
# All 1 dataset(s) completed!
############################################################

############################################################
# Dataset 1/1: azure2019_U/5T
############################################################
Loading configuration...

============================================================
Dataset: azure2019_U/5T
Model: amazon/chronos-2
Checkpoint: /fslarge/scratch/users/h61084/weights/chronos2
Terms: ['short']
Covariate mode: none
============================================================

--- Term: short ---
  Config: prediction_length=48, test_length=288, val_length=96
TIME run allocation action=skip run=/fslarge/scratch/users/h61084/codes/evaluating_tsfms/outputs/foundation_models/tasks/chronos2/multivariate/azure2019_U/5T/short/run_1 source_launch=selena_20260915T093434Z_46580 launch_id=selena_20260915T140649Z_45401 slurm_job_id=3435865 launched_at=2026-09-15T14:13:56.583319+00:00
  Reused completed task: /fslarge/scratch/users/h61084/codes/evaluating_tsfms/outputs/foundation_models/tasks/chronos2/multivariate/azure2019_U/5T/short/run_1

============================================================
All experiments completed!
Results saved to: /scratch/users/h61084/codes/evaluating_tsfms/outputs/foundation_models/tasks
============================================================

############################################################
# All 1 dataset(s) completed!
############################################################

############################################################
# Dataset 1/1: Smart_Manufacturing/H
############################################################
Loading configuration...

============================================================
Dataset: Smart_Manufacturing/H
Model: amazon/chronos-2
Checkpoint: /fslarge/scratch/users/h61084/weights/chronos2
Terms: ['short', 'medium', 'long']
Covariate mode: none
============================================================

--- Term: short ---
  Config: prediction_length=24, test_length=336, val_length=336
TIME run allocation action=skip run=/fslarge/scratch/users/h61084/codes/evaluating_tsfms/outputs/foundation_models/tasks/chronos2/multivariate/Smart_Manufacturing/H/short/run_1 source_launch=selena_20260915T093434Z_46580 launch_id=selena_20260915T140649Z_45401 slurm_job_id=3435865 launched_at=2026-09-15T14:14:06.448879+00:00
  Reused completed task: /fslarge/scratch/users/h61084/codes/evaluating_tsfms/outputs/foundation_models/tasks/chronos2/multivariate/Smart_Manufacturing/H/short/run_1

--- Term: medium ---
  Config: prediction_length=168, test_length=336, val_length=336
TIME run allocation action=skip run=/fslarge/scratch/users/h61084/codes/evaluating_tsfms/outputs/foundation_models/tasks/chronos2/multivariate/Smart_Manufacturing/H/medium/run_1 source_launch=selena_20260915T093434Z_46580 launch_id=selena_20260915T140649Z_45401 slurm_job_id=3435865 launched_at=2026-09-15T14:14:06.463228+00:00
  Reused completed task: /fslarge/scratch/users/h61084/codes/evaluating_tsfms/outputs/foundation_models/tasks/chronos2/multivariate/Smart_Manufacturing/H/medium/run_1

--- Term: long ---
  Config: prediction_length=336, test_length=336, val_length=336
TIME run allocation action=skip run=/fslarge/scratch/users/h61084/codes/evaluating_tsfms/outputs/foundation_models/tasks/chronos2/multivariate/Smart_Manufacturing/H/long/run_1 source_launch=selena_20260915T093434Z_46580 launch_id=selena_20260915T140649Z_45401 slurm_job_id=3435865 launched_at=2026-09-15T14:14:06.477209+00:00
  Reused completed task: /fslarge/scratch/users/h61084/codes/evaluating_tsfms/outputs/foundation_models/tasks/chronos2/multivariate/Smart_Manufacturing/H/long/run_1

============================================================
All experiments completed!
Results saved to: /scratch/users/h61084/codes/evaluating_tsfms/outputs/foundation_models/tasks
============================================================

############################################################
# All 1 dataset(s) completed!
############################################################

############################################################
# Dataset 1/1: MetroPT-3/5T
############################################################
Loading configuration...

============================================================
Dataset: MetroPT-3/5T
Model: amazon/chronos-2
Checkpoint: /fslarge/scratch/users/h61084/weights/chronos2
Terms: ['short', 'medium', 'long']
Covariate mode: none
============================================================

--- Term: short ---
  Config: prediction_length=48, test_length=1728, val_length=1728
TIME run allocation action=skip run=/fslarge/scratch/users/h61084/codes/evaluating_tsfms/outputs/foundation_models/tasks/chronos2/multivariate/MetroPT-3/5T/short/run_1 source_launch=selena_20260915T093434Z_46580 launch_id=selena_20260915T140649Z_45401 slurm_job_id=3435865 launched_at=2026-09-15T14:14:15.014246+00:00
  Reused completed task: /fslarge/scratch/users/h61084/codes/evaluating_tsfms/outputs/foundation_models/tasks/chronos2/multivariate/MetroPT-3/5T/short/run_1

--- Term: medium ---
  Config: prediction_length=288, test_length=1728, val_length=1728
TIME run allocation action=skip run=/fslarge/scratch/users/h61084/codes/evaluating_tsfms/outputs/foundation_models/tasks/chronos2/multivariate/MetroPT-3/5T/medium/run_1 source_launch=selena_20260915T093434Z_46580 launch_id=selena_20260915T140649Z_45401 slurm_job_id=3435865 launched_at=2026-09-15T14:14:15.038409+00:00
  Reused completed task: /fslarge/scratch/users/h61084/codes/evaluating_tsfms/outputs/foundation_models/tasks/chronos2/multivariate/MetroPT-3/5T/medium/run_1

--- Term: long ---
  Config: prediction_length=576, test_length=1728, val_length=1728
TIME run allocation action=skip run=/fslarge/scratch/users/h61084/codes/evaluating_tsfms/outputs/foundation_models/tasks/chronos2/multivariate/MetroPT-3/5T/long/run_1 source_launch=selena_20260915T093434Z_46580 launch_id=selena_20260915T140649Z_45401 slurm_job_id=3435865 launched_at=2026-09-15T14:14:15.062663+00:00
  Reused completed task: /fslarge/scratch/users/h61084/codes/evaluating_tsfms/outputs/foundation_models/tasks/chronos2/multivariate/MetroPT-3/5T/long/run_1

============================================================
All experiments completed!
Results saved to: /scratch/users/h61084/codes/evaluating_tsfms/outputs/foundation_models/tasks
============================================================

############################################################
# All 1 dataset(s) completed!
############################################################
2026-09-15 16:14:15 | task model=chronos2 runner=run_chronos2.sh environment=uv covariate_mode=none target_mode=auto completed status=success
2026-09-15 16:14:15 | stage evaluate completed status=success
2026-09-15 16:14:15 | workflow foundation_models completed status=success exit_code=0
