[2026-09-20 20:32:40 UTC] resources allocation {"ADAPTIME_DEVICE": "unset", "CUDA_VISIBLE_DEVICES": "0", "SLURM_CPUS_PER_TASK": "8", "SLURM_JOB_GPUS": "0,1,2,3", "SLURM_JOB_ID": "3506755", "SLURM_MEM_PER_CPU": "unset", "SLURM_MEM_PER_NODE": "80000", "SLURM_STEP_GPUS": "0", "SLURM_STEP_ID": "0", "cpu_count": 8, "host": "sean0016"}
[2026-09-20 20:32:40 UTC] resources RAM {"MemAvailable_MiB": 373647.953125, "MemTotal_MiB": 386622.85546875}
[2026-09-20 20:32:40 UTC] resources nvidia_inventory {"columns": "index,uuid,name,driver,total_MiB,free_MiB,used_MiB", "devices": ["0, GPU-f621a382-04ce-ca49-ff7f-ebcfb1986068, NVIDIA H100 NVL, 560.35.05, 95830, 95350, 1"]}
[2026-09-20 20:32:45 UTC] resources torch {"cuda_available": true, "note": "visibility probe; CPU-only stages need not use an allocated GPU", "version": "2.9.1+cu128", "visible_gpu_count": 1}
[2026-09-20 20:32:45 UTC] resources cuda_device {"capability": "9.0", "free_MiB": 94825.125, "logical_index": 0, "name": "NVIDIA H100 NVL", "total_MiB": 95350.1875}
2026-09-20 22:32:46 | workflow instance_normalization started launch_id=selena_instance_normalization_20260920T193952Z_48346 task=ts_icl slurm_job_id=3506755 slurm_array_job_id=none slurm_array_task_id=none
2026-09-20 22:32:46 | stage evaluate started
2026-09-20 22:32:46 | task model=ts_icl runner=run_tsicl.sh environment=uv covariate_mode=none target_mode=auto context_length=model_default instance_normalization=zscore started
[2026-09-20 22:32:46] TIME runner: run_tsicl.sh
[2026-09-20 22:32:46] datasets: /scratch/users/h61084/datasets/hf_dataset
[2026-09-20 22:32:46] weights: /scratch/users/h61084/weights
[2026-09-20 22:32:46] outputs: /scratch/users/h61084/codes/evaluating_tsfms/outputs
[2026-09-20 22:32:46] covariate mode: none
[2026-09-20 22:32:46] target mode: auto
[2026-09-20 22:32:46] context length: model_default
[2026-09-20 22:32:46] instance normalization: zscore

############################################################
# Dataset 1/1: Water_Quality_Darwin/15T
############################################################
[2026-09-20 20:32:51 UTC] resources model_device {"device": "cuda", "model": "ts_icl"}
Loading configuration...

============================================================
Dataset: Water_Quality_Darwin/15T
Terms: ['short', 'medium', 'long']
Covariate mode: none
Instance normalization: zscore
============================================================

--- Term: short ---
  Config: prediction_length=16, test_length=1440, val_length=1440
TIME run allocation action=skip run=/fslarge/scratch/users/h61084/codes/evaluating_tsfms/outputs/instance_normalization/tasks/ts_icl/normalization/zscore/univariate/Water_Quality_Darwin/15T/short/run_0 source_launch=selena_instance_normalization_20260920T193952Z_48346 launch_id=selena_instance_normalization_20260920T193952Z_48346 slurm_job_id=3506755 launched_at=2026-09-20T20:32:51.782214+00:00
  Reused completed task: /fslarge/scratch/users/h61084/codes/evaluating_tsfms/outputs/instance_normalization/tasks/ts_icl/normalization/zscore/univariate/Water_Quality_Darwin/15T/short/run_0

--- Term: medium ---
  Config: prediction_length=96, test_length=1440, val_length=1440
TIME run allocation action=resume run=/fslarge/scratch/users/h61084/codes/evaluating_tsfms/outputs/instance_normalization/tasks/ts_icl/normalization/zscore/univariate/Water_Quality_Darwin/15T/medium/run_0 launch_id=selena_instance_normalization_20260920T193952Z_48346 slurm_job_id=3506755 launched_at=2026-09-20T20:32:51.813711+00:00 resumed_from_launch=selena_instance_normalization_20260920T193952Z_48346 resumed_from_job=3506755
  Initializing model pipeline...
  Dataset info:
    - Frequency: 15T
    - Num series: 7
    - Target dim: 6
    - Target mode: univariate
    - Covariate channels: 0
    - Series length: min=8662,               max=18985, avg=15229.4
    - Test split: 1440 steps
    - Prediction length: 96
    - Windows: 15
    Processed 160/630...
    Processed 320/630...
    Processed 480/630...
    Processed 630/630...
    Total instances: 630, Series during experiment: 42, Windows: 15
    Collecting ground truth and context...
    Detected to_univariate case: 42 flat series -> 7 series x 6 variates
    Organizing data into arrays...
    Saved predictions (quantiles) to /fslarge/scratch/users/h61084/codes/evaluating_tsfms/outputs/instance_normalization/tasks/ts_icl/normalization/zscore/univariate/Water_Quality_Darwin/15T/medium/run_0/predictions.npz
    Computing per-window metrics...
    Saved metrics to /fslarge/scratch/users/h61084/codes/evaluating_tsfms/outputs/instance_normalization/tasks/ts_icl/normalization/zscore/univariate/Water_Quality_Darwin/15T/medium/run_0/metrics.npz
    Saved config to /fslarge/scratch/users/h61084/codes/evaluating_tsfms/outputs/instance_normalization/tasks/ts_icl/normalization/zscore/univariate/Water_Quality_Darwin/15T/medium/run_0/config.json
    Saved aggregate metrics to /fslarge/scratch/users/h61084/codes/evaluating_tsfms/outputs/instance_normalization/tasks/ts_icl/normalization/zscore/univariate/Water_Quality_Darwin/15T/medium/run_0/metrics_summary.json
    Metrics summary (averaged over all series/windows/variates):
      MSE: 4.1850
      MAE: 0.6728
      RMSE: 0.8521
      MAPE: 0.0875
      sMAPE: 0.0761
      MASE: 1.0025
      ND: 0.0756
      CRPS: 0.0602
  Completed: 7 series × 15 windows
  Output: /fslarge/scratch/users/h61084/codes/evaluating_tsfms/outputs/instance_normalization/tasks/ts_icl/normalization/zscore/univariate/Water_Quality_Darwin/15T/medium/run_0
  Inference time: 16.002s

--- Term: long ---
  Config: prediction_length=288, test_length=1440, val_length=1440
TIME run allocation action=new run=/fslarge/scratch/users/h61084/codes/evaluating_tsfms/outputs/instance_normalization/tasks/ts_icl/normalization/zscore/univariate/Water_Quality_Darwin/15T/long/run_0 launch_id=selena_instance_normalization_20260920T193952Z_48346 slurm_job_id=3506755 launched_at=2026-09-20T20:33:08.790781+00:00
  Initializing model pipeline...
  Dataset info:
    - Frequency: 15T
    - Num series: 7
    - Target dim: 6
    - Target mode: univariate
    - Covariate channels: 0
    - Series length: min=8662,               max=18985, avg=15229.4
    - Test split: 1440 steps
    - Prediction length: 288
    - Windows: 5
    Processed 160/210...
    Total instances: 210, Series during experiment: 42, Windows: 5
    Collecting ground truth and context...
    Detected to_univariate case: 42 flat series -> 7 series x 6 variates
    Organizing data into arrays...
    Saved predictions (quantiles) to /fslarge/scratch/users/h61084/codes/evaluating_tsfms/outputs/instance_normalization/tasks/ts_icl/normalization/zscore/univariate/Water_Quality_Darwin/15T/long/run_0/predictions.npz
    Computing per-window metrics...
    Saved metrics to /fslarge/scratch/users/h61084/codes/evaluating_tsfms/outputs/instance_normalization/tasks/ts_icl/normalization/zscore/univariate/Water_Quality_Darwin/15T/long/run_0/metrics.npz
    Saved config to /fslarge/scratch/users/h61084/codes/evaluating_tsfms/outputs/instance_normalization/tasks/ts_icl/normalization/zscore/univariate/Water_Quality_Darwin/15T/long/run_0/config.json
    Saved aggregate metrics to /fslarge/scratch/users/h61084/codes/evaluating_tsfms/outputs/instance_normalization/tasks/ts_icl/normalization/zscore/univariate/Water_Quality_Darwin/15T/long/run_0/metrics_summary.json
    Metrics summary (averaged over all series/windows/variates):
      MSE: 9.9407
      MAE: 0.9790
      RMSE: 1.2299
      MAPE: 0.1198
      sMAPE: 0.0988
      MASE: 1.4835
      ND: 0.0985
      CRPS: 0.0784
  Completed: 7 series × 5 windows
  Output: /fslarge/scratch/users/h61084/codes/evaluating_tsfms/outputs/instance_normalization/tasks/ts_icl/normalization/zscore/univariate/Water_Quality_Darwin/15T/long/run_0
  Inference time: 5.509s

============================================================
All experiments completed!
Results saved to: /scratch/users/h61084/codes/evaluating_tsfms/outputs/instance_normalization/tasks
============================================================

############################################################
# All 1 dataset(s) completed!
############################################################

############################################################
# Dataset 1/1: current_velocity/5T
############################################################
[2026-09-20 20:33:18 UTC] resources model_device {"device": "cuda", "model": "ts_icl"}
Loading configuration...

============================================================
Dataset: current_velocity/5T
Terms: ['short', 'medium', 'long']
Covariate mode: none
Instance normalization: zscore
============================================================

--- Term: short ---
  Config: prediction_length=36, test_length=4320, val_length=4320
TIME run allocation action=new run=/fslarge/scratch/users/h61084/codes/evaluating_tsfms/outputs/instance_normalization/tasks/ts_icl/normalization/zscore/univariate/current_velocity/5T/short/run_0 launch_id=selena_instance_normalization_20260920T193952Z_48346 slurm_job_id=3506755 launched_at=2026-09-20T20:33:18.383126+00:00
  Initializing model pipeline...
  Dataset info:
    - Frequency: 5T
    - Num series: 1
    - Target dim: 6
    - Target mode: univariate
    - Covariate channels: 0
    - Series length: min=26486,               max=26486, avg=26486.0
    - Test split: 4320 steps
    - Prediction length: 36
    - Windows: 120
    Processed 160/720...
    Processed 320/720...
    Processed 480/720...
    Processed 640/720...
    Total instances: 720, Series during experiment: 6, Windows: 120
    Collecting ground truth and context...
    Detected to_univariate case: 6 flat series -> 1 series x 6 variates
    Organizing data into arrays...
    Saved predictions (quantiles) to /fslarge/scratch/users/h61084/codes/evaluating_tsfms/outputs/instance_normalization/tasks/ts_icl/normalization/zscore/univariate/current_velocity/5T/short/run_0/predictions.npz
    Computing per-window metrics...
    Saved metrics to /fslarge/scratch/users/h61084/codes/evaluating_tsfms/outputs/instance_normalization/tasks/ts_icl/normalization/zscore/univariate/current_velocity/5T/short/run_0/metrics.npz
    Saved config to /fslarge/scratch/users/h61084/codes/evaluating_tsfms/outputs/instance_normalization/tasks/ts_icl/normalization/zscore/univariate/current_velocity/5T/short/run_0/config.json
    Saved aggregate metrics to /fslarge/scratch/users/h61084/codes/evaluating_tsfms/outputs/instance_normalization/tasks/ts_icl/normalization/zscore/univariate/current_velocity/5T/short/run_0/metrics_summary.json
    Metrics summary (averaged over all series/windows/variates):
      MSE: 3.1018
      MAE: 0.5676
      RMSE: 0.6768
      MAPE: 0.4209
      sMAPE: 0.3450
      MASE: 0.4067
      ND: 0.2929
      CRPS: 0.2302
  Completed: 1 series × 120 windows
  Output: /fslarge/scratch/users/h61084/codes/evaluating_tsfms/outputs/instance_normalization/tasks/ts_icl/normalization/zscore/univariate/current_velocity/5T/short/run_0
  Inference time: 17.701s

--- Term: medium ---
  Config: prediction_length=288, test_length=4320, val_length=4320
TIME run allocation action=new run=/fslarge/scratch/users/h61084/codes/evaluating_tsfms/outputs/instance_normalization/tasks/ts_icl/normalization/zscore/univariate/current_velocity/5T/medium/run_0 launch_id=selena_instance_normalization_20260920T193952Z_48346 slurm_job_id=3506755 launched_at=2026-09-20T20:33:36.884747+00:00
  Initializing model pipeline...
  Dataset info:
    - Frequency: 5T
    - Num series: 1
    - Target dim: 6
    - Target mode: univariate
    - Covariate channels: 0
    - Series length: min=26486,               max=26486, avg=26486.0
    - Test split: 4320 steps
    - Prediction length: 288
    - Windows: 15
    Total instances: 90, Series during experiment: 6, Windows: 15
    Collecting ground truth and context...
    Detected to_univariate case: 6 flat series -> 1 series x 6 variates
    Organizing data into arrays...
    Saved predictions (quantiles) to /fslarge/scratch/users/h61084/codes/evaluating_tsfms/outputs/instance_normalization/tasks/ts_icl/normalization/zscore/univariate/current_velocity/5T/medium/run_0/predictions.npz
    Computing per-window metrics...
    Saved metrics to /fslarge/scratch/users/h61084/codes/evaluating_tsfms/outputs/instance_normalization/tasks/ts_icl/normalization/zscore/univariate/current_velocity/5T/medium/run_0/metrics.npz
    Saved config to /fslarge/scratch/users/h61084/codes/evaluating_tsfms/outputs/instance_normalization/tasks/ts_icl/normalization/zscore/univariate/current_velocity/5T/medium/run_0/config.json
    Saved aggregate metrics to /fslarge/scratch/users/h61084/codes/evaluating_tsfms/outputs/instance_normalization/tasks/ts_icl/normalization/zscore/univariate/current_velocity/5T/medium/run_0/metrics_summary.json
    Metrics summary (averaged over all series/windows/variates):
      MSE: 5.1449
      MAE: 0.8054
      RMSE: 0.9830
      MAPE: 0.6744
      sMAPE: 0.4108
      MASE: 0.6444
      ND: 0.3626
      CRPS: 0.2818
  Completed: 1 series × 15 windows
  Output: /fslarge/scratch/users/h61084/codes/evaluating_tsfms/outputs/instance_normalization/tasks/ts_icl/normalization/zscore/univariate/current_velocity/5T/medium/run_0
  Inference time: 2.364s

--- Term: long ---
  Config: prediction_length=864, test_length=4320, val_length=4320
TIME run allocation action=new run=/fslarge/scratch/users/h61084/codes/evaluating_tsfms/outputs/instance_normalization/tasks/ts_icl/normalization/zscore/univariate/current_velocity/5T/long/run_0 launch_id=selena_instance_normalization_20260920T193952Z_48346 slurm_job_id=3506755 launched_at=2026-09-20T20:33:39.776619+00:00
  Initializing model pipeline...
  Dataset info:
    - Frequency: 5T
    - Num series: 1
    - Target dim: 6
    - Target mode: univariate
    - Covariate channels: 0
    - Series length: min=26486,               max=26486, avg=26486.0
    - Test split: 4320 steps
    - Prediction length: 864
    - Windows: 5
    Total instances: 30, Series during experiment: 6, Windows: 5
    Collecting ground truth and context...
    Detected to_univariate case: 6 flat series -> 1 series x 6 variates
    Organizing data into arrays...
    Saved predictions (quantiles) to /fslarge/scratch/users/h61084/codes/evaluating_tsfms/outputs/instance_normalization/tasks/ts_icl/normalization/zscore/univariate/current_velocity/5T/long/run_0/predictions.npz
    Computing per-window metrics...
    Saved metrics to /fslarge/scratch/users/h61084/codes/evaluating_tsfms/outputs/instance_normalization/tasks/ts_icl/normalization/zscore/univariate/current_velocity/5T/long/run_0/metrics.npz
    Saved config to /fslarge/scratch/users/h61084/codes/evaluating_tsfms/outputs/instance_normalization/tasks/ts_icl/normalization/zscore/univariate/current_velocity/5T/long/run_0/config.json
    Saved aggregate metrics to /fslarge/scratch/users/h61084/codes/evaluating_tsfms/outputs/instance_normalization/tasks/ts_icl/normalization/zscore/univariate/current_velocity/5T/long/run_0/metrics_summary.json
    Metrics summary (averaged over all series/windows/variates):
      MSE: 6.0612
      MAE: 0.9560
      RMSE: 1.1603
      MAPE: 0.8441
      sMAPE: 0.4962
      MASE: 1.0940
      ND: 0.4478
      CRPS: 0.3638
  Completed: 1 series × 5 windows
  Output: /fslarge/scratch/users/h61084/codes/evaluating_tsfms/outputs/instance_normalization/tasks/ts_icl/normalization/zscore/univariate/current_velocity/5T/long/run_0
  Inference time: 1.617s

============================================================
All experiments completed!
Results saved to: /scratch/users/h61084/codes/evaluating_tsfms/outputs/instance_normalization/tasks
============================================================

############################################################
# All 1 dataset(s) completed!
############################################################

############################################################
# Dataset 1/1: current_velocity/10T
############################################################
[2026-09-20 20:33:45 UTC] resources model_device {"device": "cuda", "model": "ts_icl"}
Loading configuration...

============================================================
Dataset: current_velocity/10T
Terms: ['short', 'medium', 'long']
Covariate mode: none
Instance normalization: zscore
============================================================

--- Term: short ---
  Config: prediction_length=18, test_length=2160, val_length=2160
TIME run allocation action=new run=/fslarge/scratch/users/h61084/codes/evaluating_tsfms/outputs/instance_normalization/tasks/ts_icl/normalization/zscore/univariate/current_velocity/10T/short/run_0 launch_id=selena_instance_normalization_20260920T193952Z_48346 slurm_job_id=3506755 launched_at=2026-09-20T20:33:45.311223+00:00
  Initializing model pipeline...
  Dataset info:
    - Frequency: 10T
    - Num series: 10
    - Target dim: 6
    - Target mode: univariate
    - Covariate channels: 0
    - Series length: min=7481,               max=31957, avg=20668.5
    - Test split: 2160 steps
    - Prediction length: 18
    - Windows: 120
    Processed 160/7200...
    Processed 320/7200...
    Processed 480/7200...
    Processed 640/7200...
    Processed 800/7200...
    Processed 960/7200...
    Processed 1120/7200...
    Processed 1280/7200...
    Processed 1440/7200...
