/fssmall/home/h61084/codes/evaluating_tsfms/.venv/lib/python3.12/site-packages/gluonts/json.py:102: UserWarning: Using `json`-module for json-handling. Consider installing one of `orjson`, `ujson` to speed up serialization and deserialization.
  warnings.warn(
/fssmall/home/h61084/codes/evaluating_tsfms/.venv/lib/python3.12/site-packages/gluonts/time_feature/seasonality.py:47: FutureWarning: 'T' is deprecated and will be removed in a future version, please use 'min' instead.
  offset = pd.tseries.frequencies.to_offset(freq)
/fssmall/home/h61084/codes/evaluating_tsfms/.venv/lib/python3.12/site-packages/gluonts/dataset/common.py:263: FutureWarning: 'T' is deprecated and will be removed in a future version, please use 'min' instead.
  return pd.Period(val, freq)
/fssmall/home/h61084/codes/evaluating_tsfms/.venv/lib/python3.12/site-packages/gluonts/json.py:102: UserWarning: Using `json`-module for json-handling. Consider installing one of `orjson`, `ujson` to speed up serialization and deserialization.
  warnings.warn(
/fssmall/home/h61084/codes/evaluating_tsfms/.venv/lib/python3.12/site-packages/gluonts/time_feature/seasonality.py:47: FutureWarning: 'T' is deprecated and will be removed in a future version, please use 'min' instead.
  offset = pd.tseries.frequencies.to_offset(freq)
/fssmall/home/h61084/codes/evaluating_tsfms/.venv/lib/python3.12/site-packages/gluonts/dataset/common.py:263: FutureWarning: 'T' is deprecated and will be removed in a future version, please use 'min' instead.
  return pd.Period(val, freq)
/fssmall/home/h61084/codes/evaluating_tsfms/.venv/lib/python3.12/site-packages/gluonts/json.py:102: UserWarning: Using `json`-module for json-handling. Consider installing one of `orjson`, `ujson` to speed up serialization and deserialization.
  warnings.warn(
/fssmall/home/h61084/codes/evaluating_tsfms/.venv/lib/python3.12/site-packages/gluonts/time_feature/seasonality.py:47: FutureWarning: 'T' is deprecated and will be removed in a future version, please use 'min' instead.
  offset = pd.tseries.frequencies.to_offset(freq)
/fssmall/home/h61084/codes/evaluating_tsfms/.venv/lib/python3.12/site-packages/gluonts/dataset/common.py:263: FutureWarning: 'T' is deprecated and will be removed in a future version, please use 'min' instead.
  return pd.Period(val, freq)
Traceback (most recent call last):
  File "/fssmall/home/h61084/codes/evaluating_tsfms/experiments/ts_icl.py", line 501, in <module>
    main()
  File "/fssmall/home/h61084/codes/evaluating_tsfms/experiments/ts_icl.py", line 479, in main
    run_tsicl_experiment(
  File "/fssmall/home/h61084/codes/evaluating_tsfms/experiments/ts_icl.py", line 305, in run_tsicl_experiment
    _, batch_q = model.forecast(
                 ^^^^^^^^^^^^^^^
  File "/fssmall/home/h61084/codes/evaluating_tsfms/.venv/lib/python3.12/site-packages/torch/utils/_contextlib.py", line 120, in decorate_context
    return func(*args, **kwargs)
           ^^^^^^^^^^^^^^^^^^^^^
  File "/fssmall/home/h61084/codes/evaluating_tsfms/.venv/lib/python3.12/site-packages/tsicl/pipeline.py", line 765, in forecast
    mean, quantiles = self._predict_main(
                      ^^^^^^^^^^^^^^^^^^^
  File "/fssmall/home/h61084/codes/evaluating_tsfms/.venv/lib/python3.12/site-packages/tsicl/pipeline.py", line 991, in _predict_main
    inputs, covars, num_var, num_batches, is_tensor, has_covar = self.input_adapter(
                                                                 ^^^^^^^^^^^^^^^^^^^
  File "/fssmall/home/h61084/codes/evaluating_tsfms/.venv/lib/python3.12/site-packages/tsicl/pipeline.py", line 273, in input_adapter
    num_batches, is_tensor, num_var, inputs = validate_target_inputs(inputs, batch_size = batch_size)
                                              ^^^^^^^^^^^^^^^^^^^^^^^^^^^^^^^^^^^^^^^^^^^^^^^^^^^^^^^
  File "/fssmall/home/h61084/codes/evaluating_tsfms/.venv/lib/python3.12/site-packages/tsicl/utils/data_adapter.py", line 87, in validate_target_inputs
    out, num_var = _check_input_dim(out, has_batch_dim = True)      # (bs, t, 1)
                   ^^^^^^^^^^^^^^^^^^^^^^^^^^^^^^^^^^^^^^^^^^^
  File "/fssmall/home/h61084/codes/evaluating_tsfms/.venv/lib/python3.12/site-packages/tsicl/utils/data_adapter.py", line 148, in _check_input_dim
    raise ValueError(
ValueError: Input tensor of shape torch.Size([16, 4096, 1]) contains at least one sample full of NaNs, stop here
srun: error: sean0016: task 0: Exited with exit code 1
2026-09-20 22:34:23 | task model=ts_icl runner=run_tsicl.sh environment=uv covariate_mode=none target_mode=auto context_length=model_default instance_normalization=zscore completed status=failed exit_code=1
2026-09-20 22:34:23 | stage evaluate completed status=failed exit_code=1
TIME interrupted-launch recovery launch_id=selena_instance_normalization_20260920T193952Z_48346 tasks=1 root=/scratch/users/h61084/codes/evaluating_tsfms/outputs/instance_normalization/tasks/ts_icl
  interrupted /fslarge/scratch/users/h61084/codes/evaluating_tsfms/outputs/instance_normalization/tasks/ts_icl/normalization/zscore/univariate/current_velocity/10T/short/run_0
2026-09-20 22:34:23 | workflow instance_normalization completed status=failed exit_code=1
